<?xml version="1.0" encoding="ISO-8859-1" ?>
<link_info>
   <banner>TI ARM Clang Linker PC v3.2.0.LTS</banner>
   <copyright>Copyright (c) 1996-2018 Texas Instruments Incorporated</copyright>
   <link_time>0x654fcd8d</link_time>
   <link_errors>0x0</link_errors>
   <output_file>C:\Users\nickg\workspace_v12\uart2echo_CC3220S_LAUNCHXL_nortos_ticlang\MCU+Image\uart2echo_CC3220S_LAUNCHXL_nortos_ticlang.out</output_file>
   <entry_point>
      <name>resetISR</name>
      <address>0x2000fc99</address>
   </entry_point>
   <input_file_list>
      <input_file id="fl-1">
         <path>C:\Users\nickg\workspace_v12\uart2echo_CC3220S_LAUNCHXL_nortos_ticlang\MCU+Image\.\</path>
         <kind>object</kind>
         <file>main_nortos.o</file>
         <name>main_nortos.o</name>
      </input_file>
      <input_file id="fl-2">
         <path>C:\Users\nickg\workspace_v12\uart2echo_CC3220S_LAUNCHXL_nortos_ticlang\MCU+Image\.\</path>
         <kind>object</kind>
         <file>uart2echo.o</file>
         <name>uart2echo.o</name>
      </input_file>
      <input_file id="fl-3">
         <path>C:\Users\nickg\workspace_v12\uart2echo_CC3220S_LAUNCHXL_nortos_ticlang\MCU+Image\.\syscfg\</path>
         <kind>object</kind>
         <file>ti_drivers_config.o</file>
         <name>ti_drivers_config.o</name>
      </input_file>
      <input_file id="fl-13">
         <path>C:\Users\nickg\workspace_v12\uart2echo_CC3220S_LAUNCHXL_nortos_ticlang\MCU+Image\</path>
         <kind>object</kind>
         <file>&lt;internal&gt;</file>
         <name>&lt;internal&gt;</name>
      </input_file>
      <input_file id="fl-14">
         <path>C:\ti\simplelink_cc32xx_sdk_7_10_00_13\source\ti\drivers\lib\ticlang\m4\</path>
         <kind>archive</kind>
         <file>drivers_cc32xx.a</file>
         <name>GPIOCC32XX.c.obj</name>
      </input_file>
      <input_file id="fl-15">
         <path>C:\ti\simplelink_cc32xx_sdk_7_10_00_13\source\ti\drivers\lib\ticlang\m4\</path>
         <kind>archive</kind>
         <file>drivers_cc32xx.a</file>
         <name>PowerCC32XX.c.obj</name>
      </input_file>
      <input_file id="fl-16">
         <path>C:\ti\simplelink_cc32xx_sdk_7_10_00_13\source\ti\drivers\lib\ticlang\m4\</path>
         <kind>archive</kind>
         <file>drivers_cc32xx.a</file>
         <name>PowerCC32XX_ticlang.asm.obj</name>
      </input_file>
      <input_file id="fl-17">
         <path>C:\ti\simplelink_cc32xx_sdk_7_10_00_13\source\ti\drivers\lib\ticlang\m4\</path>
         <kind>archive</kind>
         <file>drivers_cc32xx.a</file>
         <name>UART2.c.obj</name>
      </input_file>
      <input_file id="fl-18">
         <path>C:\ti\simplelink_cc32xx_sdk_7_10_00_13\source\ti\drivers\lib\ticlang\m4\</path>
         <kind>archive</kind>
         <file>drivers_cc32xx.a</file>
         <name>UART2CC32XX.c.obj</name>
      </input_file>
      <input_file id="fl-19">
         <path>C:\ti\simplelink_cc32xx_sdk_7_10_00_13\source\ti\drivers\lib\ticlang\m4\</path>
         <kind>archive</kind>
         <file>drivers_cc32xx.a</file>
         <name>List.c.obj</name>
      </input_file>
      <input_file id="fl-1a">
         <path>C:\ti\simplelink_cc32xx_sdk_7_10_00_13\source\ti\drivers\lib\ticlang\m4\</path>
         <kind>archive</kind>
         <file>drivers_cc32xx.a</file>
         <name>RingBuf.c.obj</name>
      </input_file>
      <input_file id="fl-1b">
         <path>C:\ti\simplelink_cc32xx_sdk_7_10_00_13\source\ti\drivers\lib\ticlang\m4\</path>
         <kind>archive</kind>
         <file>drivers_cc32xx.a</file>
         <name>UDMACC32XX.c.obj</name>
      </input_file>
      <input_file id="fl-1c">
         <path>C:\ti\simplelink_cc32xx_sdk_7_10_00_13\kernel\nortos\lib\ticlang\m4\</path>
         <kind>archive</kind>
         <file>nortos_cc32xx.a</file>
         <name>NoRTOS.c.obj</name>
      </input_file>
      <input_file id="fl-1d">
         <path>C:\ti\simplelink_cc32xx_sdk_7_10_00_13\kernel\nortos\lib\ticlang\m4\</path>
         <kind>archive</kind>
         <file>nortos_cc32xx.a</file>
         <name>SemaphoreP_nortos.c.obj</name>
      </input_file>
      <input_file id="fl-1e">
         <path>C:\ti\simplelink_cc32xx_sdk_7_10_00_13\kernel\nortos\lib\ticlang\m4\</path>
         <kind>archive</kind>
         <file>nortos_cc32xx.a</file>
         <name>ClockPSysTick_nortos.c.obj</name>
      </input_file>
      <input_file id="fl-1f">
         <path>C:\ti\simplelink_cc32xx_sdk_7_10_00_13\kernel\nortos\lib\ticlang\m4\</path>
         <kind>archive</kind>
         <file>nortos_cc32xx.a</file>
         <name>HwiPCC32XX_nortos.c.obj</name>
      </input_file>
      <input_file id="fl-20">
         <path>C:\ti\simplelink_cc32xx_sdk_7_10_00_13\kernel\nortos\lib\ticlang\m4\</path>
         <kind>archive</kind>
         <file>nortos_cc32xx.a</file>
         <name>PowerCC32XX_nortos.c.obj</name>
      </input_file>
      <input_file id="fl-21">
         <path>C:\ti\simplelink_cc32xx_sdk_7_10_00_13\kernel\nortos\lib\ticlang\m4\</path>
         <kind>archive</kind>
         <file>nortos_cc32xx.a</file>
         <name>startup_cc32xx_ticlang.c.obj</name>
      </input_file>
      <input_file id="fl-22">
         <path>C:\ti\simplelink_cc32xx_sdk_7_10_00_13\kernel\nortos\lib\ticlang\m4\</path>
         <kind>archive</kind>
         <file>nortos_cc32xx.a</file>
         <name>SwiP_nortos.c.obj</name>
      </input_file>
      <input_file id="fl-23">
         <path>C:\ti\simplelink_cc32xx_sdk_7_10_00_13\source\ti\devices\cc32xx\driverlib\ticlang\Release\</path>
         <kind>archive</kind>
         <file>driverlib.a</file>
         <name>cpu.obj</name>
      </input_file>
      <input_file id="fl-24">
         <path>C:\ti\simplelink_cc32xx_sdk_7_10_00_13\source\ti\devices\cc32xx\driverlib\ticlang\Release\</path>
         <kind>archive</kind>
         <file>driverlib.a</file>
         <name>gpio.obj</name>
      </input_file>
      <input_file id="fl-25">
         <path>C:\ti\simplelink_cc32xx_sdk_7_10_00_13\source\ti\devices\cc32xx\driverlib\ticlang\Release\</path>
         <kind>archive</kind>
         <file>driverlib.a</file>
         <name>hwspinlock.obj</name>
      </input_file>
      <input_file id="fl-26">
         <path>C:\ti\simplelink_cc32xx_sdk_7_10_00_13\source\ti\devices\cc32xx\driverlib\ticlang\Release\</path>
         <kind>archive</kind>
         <file>driverlib.a</file>
         <name>interrupt.obj</name>
      </input_file>
      <input_file id="fl-27">
         <path>C:\ti\simplelink_cc32xx_sdk_7_10_00_13\source\ti\devices\cc32xx\driverlib\ticlang\Release\</path>
         <kind>archive</kind>
         <file>driverlib.a</file>
         <name>pin.obj</name>
      </input_file>
      <input_file id="fl-28">
         <path>C:\ti\simplelink_cc32xx_sdk_7_10_00_13\source\ti\devices\cc32xx\driverlib\ticlang\Release\</path>
         <kind>archive</kind>
         <file>driverlib.a</file>
         <name>prcm.obj</name>
      </input_file>
      <input_file id="fl-29">
         <path>C:\ti\simplelink_cc32xx_sdk_7_10_00_13\source\ti\devices\cc32xx\driverlib\ticlang\Release\</path>
         <kind>archive</kind>
         <file>driverlib.a</file>
         <name>spi.obj</name>
      </input_file>
      <input_file id="fl-2a">
         <path>C:\ti\simplelink_cc32xx_sdk_7_10_00_13\source\ti\devices\cc32xx\driverlib\ticlang\Release\</path>
         <kind>archive</kind>
         <file>driverlib.a</file>
         <name>systick.obj</name>
      </input_file>
      <input_file id="fl-2b">
         <path>C:\ti\simplelink_cc32xx_sdk_7_10_00_13\source\ti\devices\cc32xx\driverlib\ticlang\Release\</path>
         <kind>archive</kind>
         <file>driverlib.a</file>
         <name>uart.obj</name>
      </input_file>
      <input_file id="fl-2c">
         <path>C:\ti\simplelink_cc32xx_sdk_7_10_00_13\source\ti\devices\cc32xx\driverlib\ticlang\Release\</path>
         <kind>archive</kind>
         <file>driverlib.a</file>
         <name>udma.obj</name>
      </input_file>
      <input_file id="fl-2d">
         <path>C:\ti\simplelink_cc32xx_sdk_7_10_00_13\source\ti\devices\cc32xx\driverlib\ticlang\Release\</path>
         <kind>archive</kind>
         <file>driverlib.a</file>
         <name>utils.obj</name>
      </input_file>
      <input_file id="fl-2e">
         <path>C:\ti\simplelink_cc32xx_sdk_7_10_00_13\source\ti\devices\cc32xx\driverlib\ticlang\Release\</path>
         <kind>archive</kind>
         <file>driverlib.a</file>
         <name>flash.obj</name>
      </input_file>
      <input_file id="fl-3b">
         <path>C:\ti\ccs1250\ccs\tools\compiler\ti-cgt-armllvm_3.2.0.LTS\lib\armv7em-ti-none-eabi\c\</path>
         <kind>archive</kind>
         <file>libc.a</file>
         <name>memory.c.obj</name>
      </input_file>
      <input_file id="fl-3c">
         <path>C:\ti\ccs1250\ccs\tools\compiler\ti-cgt-armllvm_3.2.0.LTS\lib\armv7em-ti-none-eabi\c\</path>
         <kind>archive</kind>
         <file>libc.a</file>
         <name>boot_cortex_m.c.obj</name>
      </input_file>
      <input_file id="fl-3d">
         <path>C:\ti\ccs1250\ccs\tools\compiler\ti-cgt-armllvm_3.2.0.LTS\lib\armv7em-ti-none-eabi\c\</path>
         <kind>archive</kind>
         <file>libc.a</file>
         <name>mathacl_init.c.obj</name>
      </input_file>
      <input_file id="fl-3e">
         <path>C:\ti\ccs1250\ccs\tools\compiler\ti-cgt-armllvm_3.2.0.LTS\lib\armv7em-ti-none-eabi\c\</path>
         <kind>archive</kind>
         <file>libc.a</file>
         <name>autoinit.c.obj</name>
      </input_file>
      <input_file id="fl-3f">
         <path>C:\ti\ccs1250\ccs\tools\compiler\ti-cgt-armllvm_3.2.0.LTS\lib\armv7em-ti-none-eabi\c\</path>
         <kind>archive</kind>
         <file>libc.a</file>
         <name>pre_init.c.obj</name>
      </input_file>
      <input_file id="fl-40">
         <path>C:\ti\ccs1250\ccs\tools\compiler\ti-cgt-armllvm_3.2.0.LTS\lib\armv7em-ti-none-eabi\c\</path>
         <kind>archive</kind>
         <file>libc.a</file>
         <name>cpy_tbl.c.obj</name>
      </input_file>
      <input_file id="fl-41">
         <path>C:\ti\ccs1250\ccs\tools\compiler\ti-cgt-armllvm_3.2.0.LTS\lib\armv7em-ti-none-eabi\c\</path>
         <kind>archive</kind>
         <file>libc.a</file>
         <name>copy_zero_init.c.obj</name>
      </input_file>
      <input_file id="fl-42">
         <path>C:\ti\ccs1250\ccs\tools\compiler\ti-cgt-armllvm_3.2.0.LTS\lib\armv7em-ti-none-eabi\c\</path>
         <kind>archive</kind>
         <file>libc.a</file>
         <name>copy_decompress_none.c.obj</name>
      </input_file>
      <input_file id="fl-43">
         <path>C:\ti\ccs1250\ccs\tools\compiler\ti-cgt-armllvm_3.2.0.LTS\lib\armv7em-ti-none-eabi\c\</path>
         <kind>archive</kind>
         <file>libc.a</file>
         <name>copy_decompress_lzss.c.obj</name>
      </input_file>
      <input_file id="fl-44">
         <path>C:\ti\ccs1250\ccs\tools\compiler\ti-cgt-armllvm_3.2.0.LTS\lib\armv7em-ti-none-eabi\c\</path>
         <kind>archive</kind>
         <file>libc.a</file>
         <name>exit.c.obj</name>
      </input_file>
      <input_file id="fl-45">
         <path>C:\ti\ccs1250\ccs\tools\compiler\ti-cgt-armllvm_3.2.0.LTS\lib\armv7em-ti-none-eabi\c\</path>
         <kind>archive</kind>
         <file>libc.a</file>
         <name>_lock.c.obj</name>
      </input_file>
      <input_file id="fl-46">
         <path>C:\ti\ccs1250\ccs\tools\compiler\ti-cgt-armllvm_3.2.0.LTS\lib\armv7em-ti-none-eabi\c\</path>
         <kind>archive</kind>
         <file>libc.a</file>
         <name>args_main.c.obj</name>
      </input_file>
      <input_file id="fl-aa">
         <path>C:\ti\ccs1250\ccs\tools\compiler\ti-cgt-armllvm_3.2.0.LTS\lib\clang\15.0.7\lib\armv7em-ti-none-eabi\</path>
         <kind>archive</kind>
         <file>libclang_rt.builtins.a</file>
         <name>aeabi_memcpy.S.obj</name>
      </input_file>
      <input_file id="fl-ab">
         <path>C:\ti\ccs1250\ccs\tools\compiler\ti-cgt-armllvm_3.2.0.LTS\lib\clang\15.0.7\lib\armv7em-ti-none-eabi\</path>
         <kind>archive</kind>
         <file>libclang_rt.builtins.a</file>
         <name>aeabi_memset.S.obj</name>
      </input_file>
      <input_file id="fl-ac">
         <path>C:\ti\ccs1250\ccs\tools\compiler\ti-cgt-armllvm_3.2.0.LTS\lib\clang\15.0.7\lib\armv7em-ti-none-eabi\</path>
         <kind>archive</kind>
         <file>libclang_rt.builtins.a</file>
         <name>aeabi_uldivmod.S.obj</name>
      </input_file>
      <input_file id="fl-ad">
         <path>C:\ti\ccs1250\ccs\tools\compiler\ti-cgt-armllvm_3.2.0.LTS\lib\clang\15.0.7\lib\armv7em-ti-none-eabi\</path>
         <kind>archive</kind>
         <file>libclang_rt.builtins.a</file>
         <name>udivmoddi4.S.obj</name>
      </input_file>
      <input_file id="fl-ae">
         <path>C:\ti\ccs1250\ccs\tools\compiler\ti-cgt-armllvm_3.2.0.LTS\lib\clang\15.0.7\lib\armv7em-ti-none-eabi\</path>
         <kind>archive</kind>
         <file>libclang_rt.builtins.a</file>
         <name>aeabi_div0.c.obj</name>
      </input_file>
      <input_file id="fl-af">
         <path>C:\ti\ccs1250\ccs\tools\compiler\ti-cgt-armllvm_3.2.0.LTS\lib\armv7em-ti-none-eabi\c\</path>
         <kind>archive</kind>
         <file>libc.a</file>
         <name>memcpy_t2.S.obj</name>
      </input_file>
      <input_file id="fl-b0">
         <path>C:\ti\ccs1250\ccs\tools\compiler\ti-cgt-armllvm_3.2.0.LTS\lib\armv7em-ti-none-eabi\c\</path>
         <kind>archive</kind>
         <file>libc.a</file>
         <name>memset_t2.S.obj</name>
      </input_file>
   </input_file_list>
   <object_component_list>
      <object_component id="oc-d2">
         <name>.text.PRCMCC3200MCUInit</name>
         <load_address>0x2000c040</load_address>
         <readonly>true</readonly>
         <executable>true</executable>
         <run_address>0x2000c040</run_address>
         <size>0x4b8</size>
         <alignment>0x2</alignment>
         <input_file_ref idref="fl-28"/>
      </object_component>
      <object_component id="oc-207">
         <name>.text.Power_sleep</name>
         <load_address>0x2000c4f8</load_address>
         <readonly>true</readonly>
         <executable>true</executable>
         <run_address>0x2000c4f8</run_address>
         <size>0x3e4</size>
         <alignment>0x4</alignment>
         <input_file_ref idref="fl-15"/>
      </object_component>
      <object_component id="oc-169">
         <name>.text.UART2CC32XX_hwiIntFxn</name>
         <load_address>0x2000c8dc</load_address>
         <readonly>true</readonly>
         <executable>true</executable>
         <run_address>0x2000c8dc</run_address>
         <size>0x222</size>
         <alignment>0x2</alignment>
         <input_file_ref idref="fl-18"/>
      </object_component>
      <object_component id="oc-1ee">
         <name>.text.UART2_readTimeout</name>
         <load_address>0x2000cafe</load_address>
         <readonly>true</readonly>
         <executable>true</executable>
         <run_address>0x2000cafe</run_address>
         <size>0x1d2</size>
         <alignment>0x2</alignment>
         <input_file_ref idref="fl-17"/>
      </object_component>
      <object_component id="oc-f3">
         <name>.text.UART2_open</name>
         <load_address>0x2000ccd0</load_address>
         <readonly>true</readonly>
         <executable>true</executable>
         <run_address>0x2000ccd0</run_address>
         <size>0x1cc</size>
         <alignment>0x4</alignment>
         <input_file_ref idref="fl-18"/>
      </object_component>
      <object_component id="oc-1ed">
         <name>.text.UART2_writeTimeoutBlocking</name>
         <load_address>0x2000ce9c</load_address>
         <readonly>true</readonly>
         <executable>true</executable>
         <run_address>0x2000ce9c</run_address>
         <size>0x174</size>
         <alignment>0x2</alignment>
         <input_file_ref idref="fl-17"/>
      </object_component>
      <object_component id="oc-188">
         <name>.text.PowerCC32XX_sleepPolicy</name>
         <load_address>0x2000d010</load_address>
         <readonly>true</readonly>
         <executable>true</executable>
         <run_address>0x2000d010</run_address>
         <size>0x150</size>
         <alignment>0x4</alignment>
         <input_file_ref idref="fl-20"/>
      </object_component>
      <object_component id="oc-ed">
         <name>.text.GPIO_setConfig</name>
         <load_address>0x2000d160</load_address>
         <readonly>true</readonly>
         <executable>true</executable>
         <run_address>0x2000d160</run_address>
         <size>0x140</size>
         <alignment>0x4</alignment>
         <input_file_ref idref="fl-14"/>
      </object_component>
      <object_component id="oc-216">
         <name>.text.aligned_alloc</name>
         <load_address>0x2000d2a0</load_address>
         <readonly>true</readonly>
         <executable>true</executable>
         <run_address>0x2000d2a0</run_address>
         <size>0x120</size>
         <alignment>0x4</alignment>
         <input_file_ref idref="fl-3b"/>
      </object_component>
      <object_component id="oc-1ec">
         <name>.text.UART2_writeTimeoutNonblocking</name>
         <load_address>0x2000d3c0</load_address>
         <readonly>true</readonly>
         <executable>true</executable>
         <run_address>0x2000d3c0</run_address>
         <size>0x11a</size>
         <alignment>0x2</alignment>
         <input_file_ref idref="fl-17"/>
      </object_component>
      <object_component id="oc-231">
         <name>.text.uDMAChannelTransferSet</name>
         <load_address>0x2000d4da</load_address>
         <readonly>true</readonly>
         <executable>true</executable>
         <run_address>0x2000d4da</run_address>
         <size>0x112</size>
         <alignment>0x2</alignment>
         <input_file_ref idref="fl-2c"/>
      </object_component>
      <object_component id="oc-b0">
         <name>.text.mainThread</name>
         <load_address>0x2000d5ec</load_address>
         <readonly>true</readonly>
         <executable>true</executable>
         <run_address>0x2000d5ec</run_address>
         <size>0x104</size>
         <alignment>0x4</alignment>
         <input_file_ref idref="fl-2"/>
      </object_component>
      <object_component id="oc-18f">
         <name>.text.free</name>
         <load_address>0x2000d6f0</load_address>
         <readonly>true</readonly>
         <executable>true</executable>
         <run_address>0x2000d6f0</run_address>
         <size>0xf0</size>
         <alignment>0x4</alignment>
         <input_file_ref idref="fl-3b"/>
      </object_component>
      <object_component id="oc-164">
         <name>.text.UART2_close</name>
         <load_address>0x2000d7e0</load_address>
         <readonly>true</readonly>
         <executable>true</executable>
         <run_address>0x2000d7e0</run_address>
         <size>0xe8</size>
         <alignment>0x4</alignment>
         <input_file_ref idref="fl-18"/>
      </object_component>
      <object_component id="oc-1e8">
         <name>.text.UART2Support_dmaStartRx</name>
         <load_address>0x2000d8c8</load_address>
         <readonly>true</readonly>
         <executable>true</executable>
         <run_address>0x2000d8c8</run_address>
         <size>0xcc</size>
         <alignment>0x4</alignment>
         <input_file_ref idref="fl-18"/>
      </object_component>
      <object_component id="oc-224">
         <name>.text.IntDisable</name>
         <load_address>0x2000d994</load_address>
         <readonly>true</readonly>
         <executable>true</executable>
         <run_address>0x2000d994</run_address>
         <size>0xc8</size>
         <alignment>0x2</alignment>
         <input_file_ref idref="fl-26"/>
      </object_component>
      <object_component id="oc-1d0">
         <name>.text.IntEnable</name>
         <load_address>0x2000da5c</load_address>
         <readonly>true</readonly>
         <executable>true</executable>
         <run_address>0x2000da5c</run_address>
         <size>0xc8</size>
         <alignment>0x2</alignment>
         <input_file_ref idref="fl-26"/>
      </object_component>
      <object_component id="oc-160">
         <name>.text.UART2CC32XX_initHw</name>
         <load_address>0x2000db24</load_address>
         <readonly>true</readonly>
         <executable>true</executable>
         <run_address>0x2000db24</run_address>
         <size>0xc4</size>
         <alignment>0x4</alignment>
         <input_file_ref idref="fl-18"/>
      </object_component>
      <object_component id="oc-1eb">
         <name>.text.UART2Support_dmaStartTx</name>
         <load_address>0x2000dbe8</load_address>
         <readonly>true</readonly>
         <executable>true</executable>
         <run_address>0x2000dbe8</run_address>
         <size>0xb8</size>
         <alignment>0x4</alignment>
         <input_file_ref idref="fl-18"/>
      </object_component>
      <object_component id="oc-242">
         <name>.text</name>
         <load_address>0x2000dca0</load_address>
         <readonly>true</readonly>
         <executable>true</executable>
         <run_address>0x2000dca0</run_address>
         <size>0xb0</size>
         <alignment>0x4</alignment>
         <input_file_ref idref="fl-ad"/>
      </object_component>
      <object_component id="oc-1a8">
         <name>.text.GPIOIntTypeSet</name>
         <load_address>0x2000dd50</load_address>
         <readonly>true</readonly>
         <executable>true</executable>
         <run_address>0x2000dd50</run_address>
         <size>0xac</size>
         <alignment>0x2</alignment>
         <input_file_ref idref="fl-24"/>
      </object_component>
      <object_component id="oc-27a">
         <name>.text.IntPendSet</name>
         <load_address>0x2000ddfc</load_address>
         <readonly>true</readonly>
         <executable>true</executable>
         <run_address>0x2000ddfc</run_address>
         <size>0xa4</size>
         <alignment>0x2</alignment>
         <input_file_ref idref="fl-26"/>
      </object_component>
      <object_component id="oc-13c">
         <name>.text.PinConfigSet</name>
         <load_address>0x2000dea0</load_address>
         <readonly>true</readonly>
         <executable>true</executable>
         <run_address>0x2000dea0</run_address>
         <size>0xa2</size>
         <alignment>0x2</alignment>
         <input_file_ref idref="fl-27"/>
      </object_component>
      <object_component id="oc-e2">
         <name>.text.Board_initHook</name>
         <load_address>0x2000df42</load_address>
         <readonly>true</readonly>
         <executable>true</executable>
         <run_address>0x2000df42</run_address>
         <size>0x2</size>
         <alignment>0x2</alignment>
         <input_file_ref idref="fl-3"/>
      </object_component>
      <object_component id="oc-12e">
         <name>.text.SemaphoreP_pend</name>
         <load_address>0x2000df44</load_address>
         <readonly>true</readonly>
         <executable>true</executable>
         <run_address>0x2000df44</run_address>
         <size>0x98</size>
         <alignment>0x4</alignment>
         <input_file_ref idref="fl-1d"/>
      </object_component>
      <object_component id="oc-20e">
         <name>.text.ClockP_doTick</name>
         <load_address>0x2000dfdc</load_address>
         <readonly>true</readonly>
         <executable>true</executable>
         <run_address>0x2000dfdc</run_address>
         <size>0x4</size>
         <alignment>0x2</alignment>
         <input_file_ref idref="fl-1e"/>
      </object_component>
      <object_component id="oc-24e">
         <name>.text</name>
         <load_address>0x2000dfe0</load_address>
         <readonly>true</readonly>
         <executable>true</executable>
         <run_address>0x2000dfe0</run_address>
         <size>0x96</size>
         <alignment>0x10</alignment>
         <input_file_ref idref="fl-16"/>
      </object_component>
      <object_component id="oc-1c9">
         <name>.text.uDMAChannelAttributeDisable</name>
         <load_address>0x2000e076</load_address>
         <readonly>true</readonly>
         <executable>true</executable>
         <run_address>0x2000e076</run_address>
         <size>0x92</size>
         <alignment>0x2</alignment>
         <input_file_ref idref="fl-2c"/>
      </object_component>
      <object_component id="oc-dc">
         <name>.text.GPIO_init</name>
         <load_address>0x2000e108</load_address>
         <readonly>true</readonly>
         <executable>true</executable>
         <run_address>0x2000e108</run_address>
         <size>0x90</size>
         <alignment>0x4</alignment>
         <input_file_ref idref="fl-14"/>
      </object_component>
      <object_component id="oc-10d">
         <name>.text.PRCMSysResetCauseGet</name>
         <load_address>0x2000e198</load_address>
         <readonly>true</readonly>
         <executable>true</executable>
         <run_address>0x2000e198</run_address>
         <size>0x8e</size>
         <alignment>0x2</alignment>
         <input_file_ref idref="fl-28"/>
      </object_component>
      <object_component id="oc-183">
         <name>.text.PowerCC32XX_initPolicy</name>
         <load_address>0x2000e226</load_address>
         <readonly>true</readonly>
         <executable>true</executable>
         <run_address>0x2000e226</run_address>
         <size>0x2</size>
         <alignment>0x2</alignment>
         <input_file_ref idref="fl-20"/>
      </object_component>
      <object_component id="oc-11f">
         <name>.text.PowerCC32XX_configureWakeup</name>
         <load_address>0x2000e228</load_address>
         <readonly>true</readonly>
         <executable>true</executable>
         <run_address>0x2000e228</run_address>
         <size>0x88</size>
         <alignment>0x4</alignment>
         <input_file_ref idref="fl-15"/>
      </object_component>
      <object_component id="oc-d7">
         <name>.text.Power_init</name>
         <load_address>0x2000e2b0</load_address>
         <readonly>true</readonly>
         <executable>true</executable>
         <run_address>0x2000e2b0</run_address>
         <size>0x78</size>
         <alignment>0x4</alignment>
         <input_file_ref idref="fl-15"/>
      </object_component>
      <object_component id="oc-162">
         <name>.text.HwiP_construct</name>
         <load_address>0x2000e328</load_address>
         <readonly>true</readonly>
         <executable>true</executable>
         <run_address>0x2000e328</run_address>
         <size>0x74</size>
         <alignment>0x4</alignment>
         <input_file_ref idref="fl-1f"/>
      </object_component>
      <object_component id="oc-180">
         <name>.text.PRCMHibernateWakeUpGPIOSelect</name>
         <load_address>0x2000e39c</load_address>
         <readonly>true</readonly>
         <executable>true</executable>
         <run_address>0x2000e39c</run_address>
         <size>0x74</size>
         <alignment>0x2</alignment>
         <input_file_ref idref="fl-28"/>
      </object_component>
      <object_component id="oc-1be">
         <name>.text.UARTConfigSetExpClk</name>
         <load_address>0x2000e410</load_address>
         <readonly>true</readonly>
         <executable>true</executable>
         <run_address>0x2000e410</run_address>
         <size>0x74</size>
         <alignment>0x2</alignment>
         <input_file_ref idref="fl-2b"/>
      </object_component>
      <object_component id="oc-18">
         <name>.text:decompress:lzss</name>
         <load_address>0x2000e484</load_address>
         <readonly>true</readonly>
         <executable>true</executable>
         <run_address>0x2000e484</run_address>
         <size>0x70</size>
         <alignment>0x2</alignment>
         <input_file_ref idref="fl-43"/>
      </object_component>
      <object_component id="oc-24c">
         <name>.text.PinLockLevelSet</name>
         <load_address>0x2000e4f4</load_address>
         <readonly>true</readonly>
         <executable>true</executable>
         <run_address>0x2000e4f4</run_address>
         <size>0x6c</size>
         <alignment>0x2</alignment>
         <input_file_ref idref="fl-27"/>
      </object_component>
      <object_component id="oc-13d">
         <name>.text.Power_setDependency</name>
         <load_address>0x2000e560</load_address>
         <readonly>true</readonly>
         <executable>true</executable>
         <run_address>0x2000e560</run_address>
         <size>0x6c</size>
         <alignment>0x4</alignment>
         <input_file_ref idref="fl-15"/>
      </object_component>
      <object_component id="oc-15e">
         <name>.text.UDMACC32XX_open</name>
         <load_address>0x2000e5cc</load_address>
         <readonly>true</readonly>
         <executable>true</executable>
         <run_address>0x2000e5cc</run_address>
         <size>0x6c</size>
         <alignment>0x4</alignment>
         <input_file_ref idref="fl-1b"/>
      </object_component>
      <object_component id="oc-135">
         <name>.text.powerNotifyFxn</name>
         <load_address>0x2000e638</load_address>
         <readonly>true</readonly>
         <executable>true</executable>
         <run_address>0x2000e638</run_address>
         <size>0x6c</size>
         <alignment>0x4</alignment>
         <input_file_ref idref="fl-14"/>
      </object_component>
      <object_component id="oc-25c">
         <name>.text.split</name>
         <load_address>0x2000e6a4</load_address>
         <readonly>true</readonly>
         <executable>true</executable>
         <run_address>0x2000e6a4</run_address>
         <size>0x6c</size>
         <alignment>0x4</alignment>
         <input_file_ref idref="fl-3b"/>
      </object_component>
      <object_component id="oc-115">
         <name>.text.PRCMPeripheralReset</name>
         <load_address>0x2000e710</load_address>
         <readonly>true</readonly>
         <executable>true</executable>
         <run_address>0x2000e710</run_address>
         <size>0x6a</size>
         <alignment>0x2</alignment>
         <input_file_ref idref="fl-28"/>
      </object_component>
      <object_component id="oc-1cd">
         <name>.text.IntPendClear</name>
         <load_address>0x2000e77a</load_address>
         <readonly>true</readonly>
         <executable>true</executable>
         <run_address>0x2000e77a</run_address>
         <size>0x68</size>
         <alignment>0x2</alignment>
         <input_file_ref idref="fl-26"/>
      </object_component>
      <object_component id="oc-1da">
         <name>.text.SemaphoreP_destruct</name>
         <load_address>0x2000e7e2</load_address>
         <readonly>true</readonly>
         <executable>true</executable>
         <run_address>0x2000e7e2</run_address>
         <size>0x2</size>
         <alignment>0x2</alignment>
         <input_file_ref idref="fl-1d"/>
      </object_component>
      <object_component id="oc-f9">
         <name>.text.GPIO_write</name>
         <load_address>0x2000e7e4</load_address>
         <readonly>true</readonly>
         <executable>true</executable>
         <run_address>0x2000e7e4</run_address>
         <size>0x60</size>
         <alignment>0x4</alignment>
         <input_file_ref idref="fl-14"/>
      </object_component>
      <object_component id="oc-1ea">
         <name>.text.UART2Support_dmaStopTx</name>
         <load_address>0x2000e844</load_address>
         <readonly>true</readonly>
         <executable>true</executable>
         <run_address>0x2000e844</run_address>
         <size>0x60</size>
         <alignment>0x2</alignment>
         <input_file_ref idref="fl-18"/>
      </object_component>
      <object_component id="oc-275">
         <name>.text.FlashDisable</name>
         <load_address>0x2000e8a4</load_address>
         <readonly>true</readonly>
         <executable>true</executable>
         <run_address>0x2000e8a4</run_address>
         <size>0x5c</size>
         <alignment>0x2</alignment>
         <input_file_ref idref="fl-2e"/>
      </object_component>
      <object_component id="oc-182">
         <name>.text.PRCMHibernateWakeupSourceDisable</name>
         <load_address>0x2000e900</load_address>
         <readonly>true</readonly>
         <executable>true</executable>
         <run_address>0x2000e900</run_address>
         <size>0x5c</size>
         <alignment>0x2</alignment>
         <input_file_ref idref="fl-28"/>
      </object_component>
      <object_component id="oc-114">
         <name>.text.PRCMPeripheralClkEnable</name>
         <load_address>0x2000e95c</load_address>
         <readonly>true</readonly>
         <executable>true</executable>
         <run_address>0x2000e95c</run_address>
         <size>0x5a</size>
         <alignment>0x2</alignment>
         <input_file_ref idref="fl-28"/>
      </object_component>
      <object_component id="oc-167">
         <name>.text.UART2CC32XX_eventCallback</name>
         <load_address>0x2000e9b6</load_address>
         <readonly>true</readonly>
         <executable>true</executable>
         <run_address>0x2000e9b6</run_address>
         <size>0x2</size>
         <alignment>0x2</alignment>
         <input_file_ref idref="fl-18"/>
      </object_component>
      <object_component id="oc-221">
         <name>.text.ClockP_startup</name>
         <load_address>0x2000e9b8</load_address>
         <readonly>true</readonly>
         <executable>true</executable>
         <run_address>0x2000e9b8</run_address>
         <size>0x58</size>
         <alignment>0x4</alignment>
         <input_file_ref idref="fl-1e"/>
      </object_component>
      <object_component id="oc-1cf">
         <name>.text.IntPrioritySet</name>
         <load_address>0x2000ea10</load_address>
         <readonly>true</readonly>
         <executable>true</executable>
         <run_address>0x2000ea10</run_address>
         <size>0x58</size>
         <alignment>0x2</alignment>
         <input_file_ref idref="fl-26"/>
      </object_component>
      <object_component id="oc-258">
         <name>.text.PRCMLPDSEnter</name>
         <load_address>0x2000ea68</load_address>
         <readonly>true</readonly>
         <executable>true</executable>
         <run_address>0x2000ea68</run_address>
         <size>0x56</size>
         <alignment>0x2</alignment>
         <input_file_ref idref="fl-28"/>
      </object_component>
      <object_component id="oc-269">
         <name>.text.__aeabi_ldiv0</name>
         <load_address>0x2000eabe</load_address>
         <readonly>true</readonly>
         <executable>true</executable>
         <run_address>0x2000eabe</run_address>
         <size>0x2</size>
         <alignment>0x2</alignment>
         <input_file_ref idref="fl-ae"/>
      </object_component>
      <object_component id="oc-1a2">
         <name>.text.PowerCC32XX_setParkState</name>
         <load_address>0x2000eac0</load_address>
         <readonly>true</readonly>
         <executable>true</executable>
         <run_address>0x2000eac0</run_address>
         <size>0x54</size>
         <alignment>0x4</alignment>
         <input_file_ref idref="fl-15"/>
      </object_component>
      <object_component id="oc-1dd">
         <name>.text.Power_releaseDependency</name>
         <load_address>0x2000eb14</load_address>
         <readonly>true</readonly>
         <executable>true</executable>
         <run_address>0x2000eb14</run_address>
         <size>0x54</size>
         <alignment>0x4</alignment>
         <input_file_ref idref="fl-15"/>
      </object_component>
      <object_component id="oc-14b">
         <name>.text.GPIO_hwiIntFxn</name>
         <load_address>0x2000eb68</load_address>
         <readonly>true</readonly>
         <executable>true</executable>
         <run_address>0x2000eb68</run_address>
         <size>0x50</size>
         <alignment>0x4</alignment>
         <input_file_ref idref="fl-14"/>
      </object_component>
      <object_component id="oc-181">
         <name>.text.PRCMHibernateWakeupSourceEnable</name>
         <load_address>0x2000ebb8</load_address>
         <readonly>true</readonly>
         <executable>true</executable>
         <run_address>0x2000ebb8</run_address>
         <size>0x50</size>
         <alignment>0x2</alignment>
         <input_file_ref idref="fl-28"/>
      </object_component>
      <object_component id="oc-1d4">
         <name>.text.SemaphoreP_construct</name>
         <load_address>0x2000ec08</load_address>
         <readonly>true</readonly>
         <executable>true</executable>
         <run_address>0x2000ec08</run_address>
         <size>0x50</size>
         <alignment>0x4</alignment>
         <input_file_ref idref="fl-1d"/>
      </object_component>
      <object_component id="oc-1c8">
         <name>.text.uDMAChannelAssign</name>
         <load_address>0x2000ec58</load_address>
         <readonly>true</readonly>
         <executable>true</executable>
         <run_address>0x2000ec58</run_address>
         <size>0x4e</size>
         <alignment>0x2</alignment>
         <input_file_ref idref="fl-2c"/>
      </object_component>
      <object_component id="oc-16e">
         <name>.text._nop</name>
         <load_address>0x2000eca6</load_address>
         <readonly>true</readonly>
         <executable>true</executable>
         <run_address>0x2000eca6</run_address>
         <size>0x2</size>
         <alignment>0x2</alignment>
         <input_file_ref idref="fl-45"/>
      </object_component>
      <object_component id="oc-146">
         <name>.text.GPIO_setInterruptConfig</name>
         <load_address>0x2000eca8</load_address>
         <readonly>true</readonly>
         <executable>true</executable>
         <run_address>0x2000eca8</run_address>
         <size>0x4c</size>
         <alignment>0x4</alignment>
         <input_file_ref idref="fl-14"/>
      </object_component>
      <object_component id="oc-273">
         <name>.text.PRCMLPDSRestoreInfoSet</name>
         <load_address>0x2000ecf4</load_address>
         <readonly>true</readonly>
         <executable>true</executable>
         <run_address>0x2000ecf4</run_address>
         <size>0x4c</size>
         <alignment>0x2</alignment>
         <input_file_ref idref="fl-28"/>
      </object_component>
      <object_component id="oc-1e6">
         <name>.text.UART2Support_dmaStopRx</name>
         <load_address>0x2000ed40</load_address>
         <readonly>true</readonly>
         <executable>true</executable>
         <run_address>0x2000ed40</run_address>
         <size>0x4a</size>
         <alignment>0x2</alignment>
         <input_file_ref idref="fl-18"/>
      </object_component>
      <object_component id="oc-22b">
         <name>.text.uDMAChannelSizeGet</name>
         <load_address>0x2000ed8a</load_address>
         <readonly>true</readonly>
         <executable>true</executable>
         <run_address>0x2000ed8a</run_address>
         <size>0x4a</size>
         <alignment>0x2</alignment>
         <input_file_ref idref="fl-2c"/>
      </object_component>
      <object_component id="oc-58">
         <name>.text.ClockP_sysTickHandler</name>
         <load_address>0x2000edd4</load_address>
         <readonly>true</readonly>
         <executable>true</executable>
         <run_address>0x2000edd4</run_address>
         <size>0x48</size>
         <alignment>0x4</alignment>
         <input_file_ref idref="fl-1e"/>
      </object_component>
      <object_component id="oc-252">
         <name>.text.PRCMIntEnable</name>
         <load_address>0x2000ee1c</load_address>
         <readonly>true</readonly>
         <executable>true</executable>
         <run_address>0x2000ee1c</run_address>
         <size>0x48</size>
         <alignment>0x2</alignment>
         <input_file_ref idref="fl-28"/>
      </object_component>
      <object_component id="oc-1a4">
         <name>.text.PRCMPeripheralStatusGet</name>
         <load_address>0x2000ee64</load_address>
         <readonly>true</readonly>
         <executable>true</executable>
         <run_address>0x2000ee64</run_address>
         <size>0x48</size>
         <alignment>0x2</alignment>
         <input_file_ref idref="fl-28"/>
      </object_component>
      <object_component id="oc-270">
         <name>.text.PinConfigGet</name>
         <load_address>0x2000eeac</load_address>
         <readonly>true</readonly>
         <executable>true</executable>
         <run_address>0x2000eeac</run_address>
         <size>0x48</size>
         <alignment>0x2</alignment>
         <input_file_ref idref="fl-27"/>
      </object_component>
      <object_component id="oc-1ef">
         <name>.text.UART2_readFull</name>
         <load_address>0x2000eef4</load_address>
         <readonly>true</readonly>
         <executable>true</executable>
         <run_address>0x2000eef4</run_address>
         <size>0x48</size>
         <alignment>0x2</alignment>
         <input_file_ref idref="fl-17"/>
      </object_component>
      <object_component id="oc-257">
         <name>.text.PRCMLPDSEnterKeepDebugIf</name>
         <load_address>0x2000ef3c</load_address>
         <readonly>true</readonly>
         <executable>true</executable>
         <run_address>0x2000ef3c</run_address>
         <size>0x46</size>
         <alignment>0x2</alignment>
         <input_file_ref idref="fl-28"/>
      </object_component>
      <object_component id="oc-229">
         <name>.text.RingBuf_put</name>
         <load_address>0x2000ef82</load_address>
         <readonly>true</readonly>
         <executable>true</executable>
         <run_address>0x2000ef82</run_address>
         <size>0x46</size>
         <alignment>0x2</alignment>
         <input_file_ref idref="fl-1a"/>
      </object_component>
      <object_component id="oc-140">
         <name>.text.GPIODirModeSet</name>
         <load_address>0x2000efc8</load_address>
         <readonly>true</readonly>
         <executable>true</executable>
         <run_address>0x2000efc8</run_address>
         <size>0x44</size>
         <alignment>0x2</alignment>
         <input_file_ref idref="fl-24"/>
      </object_component>
      <object_component id="oc-1a9">
         <name>.text.GPIO_disableInt</name>
         <load_address>0x2000f00c</load_address>
         <readonly>true</readonly>
         <executable>true</executable>
         <run_address>0x2000f00c</run_address>
         <size>0x44</size>
         <alignment>0x4</alignment>
         <input_file_ref idref="fl-14"/>
      </object_component>
      <object_component id="oc-147">
         <name>.text.GPIO_enableInt</name>
         <load_address>0x2000f050</load_address>
         <readonly>true</readonly>
         <executable>true</executable>
         <run_address>0x2000f050</run_address>
         <size>0x44</size>
         <alignment>0x4</alignment>
         <input_file_ref idref="fl-14"/>
      </object_component>
      <object_component id="oc-1e9">
         <name>.text.Power_releaseConstraint</name>
         <load_address>0x2000f094</load_address>
         <readonly>true</readonly>
         <executable>true</executable>
         <run_address>0x2000f094</run_address>
         <size>0x44</size>
         <alignment>0x4</alignment>
         <input_file_ref idref="fl-15"/>
      </object_component>
      <object_component id="oc-7d">
         <name>.text.addToList</name>
         <load_address>0x2000f0d8</load_address>
         <readonly>true</readonly>
         <executable>true</executable>
         <run_address>0x2000f0d8</run_address>
         <size>0x44</size>
         <alignment>0x4</alignment>
         <input_file_ref idref="fl-1e"/>
      </object_component>
      <object_component id="oc-11c">
         <name>.text.PinModeSet</name>
         <load_address>0x2000f11c</load_address>
         <readonly>true</readonly>
         <executable>true</executable>
         <run_address>0x2000f11c</run_address>
         <size>0x42</size>
         <alignment>0x2</alignment>
         <input_file_ref idref="fl-27"/>
      </object_component>
      <object_component id="oc-1fc">
         <name>.text.getCountsRTC</name>
         <load_address>0x2000f15e</load_address>
         <readonly>true</readonly>
         <executable>true</executable>
         <run_address>0x2000f15e</run_address>
         <size>0x42</size>
         <alignment>0x2</alignment>
         <input_file_ref idref="fl-20"/>
      </object_component>
      <object_component id="oc-130">
         <name>.text.SemaphoreP_post</name>
         <load_address>0x2000f1a0</load_address>
         <readonly>true</readonly>
         <executable>true</executable>
         <run_address>0x2000f1a0</run_address>
         <size>0x40</size>
         <alignment>0x4</alignment>
         <input_file_ref idref="fl-1d"/>
      </object_component>
      <object_component id="oc-230">
         <name>.text.uDMAChannelControlSet</name>
         <load_address>0x2000f1e0</load_address>
         <readonly>true</readonly>
         <executable>true</executable>
         <run_address>0x2000f1e0</run_address>
         <size>0x40</size>
         <alignment>0x2</alignment>
         <input_file_ref idref="fl-2c"/>
      </object_component>
      <object_component id="oc-272">
         <name>.text.PinDirModeSet</name>
         <load_address>0x2000f220</load_address>
         <readonly>true</readonly>
         <executable>true</executable>
         <run_address>0x2000f220</run_address>
         <size>0x3e</size>
         <alignment>0x2</alignment>
         <input_file_ref idref="fl-27"/>
      </object_component>
      <object_component id="oc-57">
         <name>.text.busFaultHandler</name>
         <load_address>0x2000f25e</load_address>
         <readonly>true</readonly>
         <executable>true</executable>
         <run_address>0x2000f25e</run_address>
         <size>0x2</size>
         <alignment>0x2</alignment>
         <input_file_ref idref="fl-21"/>
      </object_component>
      <object_component id="oc-213">
         <name>.text.ClockP_stop</name>
         <load_address>0x2000f260</load_address>
         <readonly>true</readonly>
         <executable>true</executable>
         <run_address>0x2000f260</run_address>
         <size>0x3c</size>
         <alignment>0x4</alignment>
         <input_file_ref idref="fl-1e"/>
      </object_component>
      <object_component id="oc-159">
         <name>.text.UDMACC32XX_init</name>
         <load_address>0x2000f29c</load_address>
         <readonly>true</readonly>
         <executable>true</executable>
         <run_address>0x2000f29c</run_address>
         <size>0x3c</size>
         <alignment>0x4</alignment>
         <input_file_ref idref="fl-1b"/>
      </object_component>
      <object_component id="oc-195">
         <name>.text.ClockP_destruct</name>
         <load_address>0x2000f2d8</load_address>
         <readonly>true</readonly>
         <executable>true</executable>
         <run_address>0x2000f2d8</run_address>
         <size>0x38</size>
         <alignment>0x4</alignment>
         <input_file_ref idref="fl-1e"/>
      </object_component>
      <object_component id="oc-236">
         <name>.text.Power_setConstraint</name>
         <load_address>0x2000f310</load_address>
         <readonly>true</readonly>
         <executable>true</executable>
         <run_address>0x2000f310</run_address>
         <size>0x38</size>
         <alignment>0x4</alignment>
         <input_file_ref idref="fl-15"/>
      </object_component>
      <object_component id="oc-22d">
         <name>.text.RingBuf_putAdvance</name>
         <load_address>0x2000f348</load_address>
         <readonly>true</readonly>
         <executable>true</executable>
         <run_address>0x2000f348</run_address>
         <size>0x38</size>
         <alignment>0x2</alignment>
         <input_file_ref idref="fl-1a"/>
      </object_component>
      <object_component id="oc-20d">
         <name>.text.SwiP_restore</name>
         <load_address>0x2000f380</load_address>
         <readonly>true</readonly>
         <executable>true</executable>
         <run_address>0x2000f380</run_address>
         <size>0x38</size>
         <alignment>0x4</alignment>
         <input_file_ref idref="fl-22"/>
      </object_component>
      <object_component id="oc-23d">
         <name>.text.UART2_rxEnable</name>
         <load_address>0x2000f3b8</load_address>
         <readonly>true</readonly>
         <executable>true</executable>
         <run_address>0x2000f3b8</run_address>
         <size>0x38</size>
         <alignment>0x2</alignment>
         <input_file_ref idref="fl-17"/>
      </object_component>
      <object_component id="oc-1db">
         <name>.text.UDMACC32XX_close</name>
         <load_address>0x2000f3f0</load_address>
         <readonly>true</readonly>
         <executable>true</executable>
         <run_address>0x2000f3f0</run_address>
         <size>0x38</size>
         <alignment>0x4</alignment>
         <input_file_ref idref="fl-1b"/>
      </object_component>
      <object_component id="oc-bf">
         <name>.text:__TI_auto_init_nobinit_nopinit</name>
         <load_address>0x2000f428</load_address>
         <readonly>true</readonly>
         <executable>true</executable>
         <run_address>0x2000f428</run_address>
         <size>0x38</size>
         <alignment>0x4</alignment>
         <input_file_ref idref="fl-3e"/>
      </object_component>
      <object_component id="oc-24d">
         <name>.text.PinLock</name>
         <load_address>0x2000f460</load_address>
         <readonly>true</readonly>
         <executable>true</executable>
         <run_address>0x2000f460</run_address>
         <size>0x36</size>
         <alignment>0x2</alignment>
         <input_file_ref idref="fl-27"/>
      </object_component>
      <object_component id="oc-264">
         <name>.text.UARTCharPutNonBlocking</name>
         <load_address>0x2000f496</load_address>
         <readonly>true</readonly>
         <executable>true</executable>
         <run_address>0x2000f496</run_address>
         <size>0x36</size>
         <alignment>0x2</alignment>
         <input_file_ref idref="fl-2b"/>
      </object_component>
      <object_component id="oc-192">
         <name>.text.ClockP_start</name>
         <load_address>0x2000f4cc</load_address>
         <readonly>true</readonly>
         <executable>true</executable>
         <run_address>0x2000f4cc</run_address>
         <size>0x34</size>
         <alignment>0x4</alignment>
         <input_file_ref idref="fl-1e"/>
      </object_component>
      <object_component id="oc-271">
         <name>.text.PinDirModeGet</name>
         <load_address>0x2000f500</load_address>
         <readonly>true</readonly>
         <executable>true</executable>
         <run_address>0x2000f500</run_address>
         <size>0x34</size>
         <alignment>0x2</alignment>
         <input_file_ref idref="fl-27"/>
      </object_component>
      <object_component id="oc-117">
         <name>.text.PinModeGet</name>
         <load_address>0x2000f534</load_address>
         <readonly>true</readonly>
         <executable>true</executable>
         <run_address>0x2000f534</run_address>
         <size>0x34</size>
         <alignment>0x2</alignment>
         <input_file_ref idref="fl-27"/>
      </object_component>
      <object_component id="oc-24b">
         <name>.text.PowerCC32XX_parkPin</name>
         <load_address>0x2000f568</load_address>
         <readonly>true</readonly>
         <executable>true</executable>
         <run_address>0x2000f568</run_address>
         <size>0x34</size>
         <alignment>0x2</alignment>
         <input_file_ref idref="fl-15"/>
      </object_component>
      <object_component id="oc-1d7">
         <name>.text.UART2_rxDisable</name>
         <load_address>0x2000f59c</load_address>
         <readonly>true</readonly>
         <executable>true</executable>
         <run_address>0x2000f59c</run_address>
         <size>0x34</size>
         <alignment>0x2</alignment>
         <input_file_ref idref="fl-17"/>
      </object_component>
      <object_component id="oc-4f">
         <name>.text.initVectors</name>
         <load_address>0x2000f5d0</load_address>
         <readonly>true</readonly>
         <executable>true</executable>
         <run_address>0x2000f5d0</run_address>
         <size>0x34</size>
         <alignment>0x4</alignment>
         <input_file_ref idref="fl-21"/>
      </object_component>
      <object_component id="oc-266">
         <name>.text.UART2Support_enableInts</name>
         <load_address>0x2000f604</load_address>
         <readonly>true</readonly>
         <executable>true</executable>
         <run_address>0x2000f604</run_address>
         <size>0x32</size>
         <alignment>0x2</alignment>
         <input_file_ref idref="fl-18"/>
      </object_component>
      <object_component id="oc-196">
         <name>.text.clkFxn</name>
         <load_address>0x2000f636</load_address>
         <readonly>true</readonly>
         <executable>true</executable>
         <run_address>0x2000f636</run_address>
         <size>0x2</size>
         <alignment>0x2</alignment>
         <input_file_ref idref="fl-1d"/>
      </object_component>
      <object_component id="oc-1f9">
         <name>.text.ClockP_getTicksUntilInterrupt</name>
         <load_address>0x2000f638</load_address>
         <readonly>true</readonly>
         <executable>true</executable>
         <run_address>0x2000f638</run_address>
         <size>0x30</size>
         <alignment>0x4</alignment>
         <input_file_ref idref="fl-1e"/>
      </object_component>
      <object_component id="oc-206">
         <name>.text.PRCMLPDSIntervalSet</name>
         <load_address>0x2000f668</load_address>
         <readonly>true</readonly>
         <executable>true</executable>
         <run_address>0x2000f668</run_address>
         <size>0x30</size>
         <alignment>0x2</alignment>
         <input_file_ref idref="fl-28"/>
      </object_component>
      <object_component id="oc-241">
         <name>.text.PRCMSlowClkCtrFastGet</name>
         <load_address>0x2000f698</load_address>
         <readonly>true</readonly>
         <executable>true</executable>
         <run_address>0x2000f698</run_address>
         <size>0x30</size>
         <alignment>0x2</alignment>
         <input_file_ref idref="fl-28"/>
      </object_component>
      <object_component id="oc-249">
         <name>.text.notify</name>
         <load_address>0x2000f6c8</load_address>
         <readonly>true</readonly>
         <executable>true</executable>
         <run_address>0x2000f6c8</run_address>
         <size>0x30</size>
         <alignment>0x4</alignment>
         <input_file_ref idref="fl-15"/>
      </object_component>
      <object_component id="oc-1ac">
         <name>.text.GPIOIntStatus</name>
         <load_address>0x2000f6f8</load_address>
         <readonly>true</readonly>
         <executable>true</executable>
         <run_address>0x2000f6f8</run_address>
         <size>0x2e</size>
         <alignment>0x2</alignment>
         <input_file_ref idref="fl-24"/>
      </object_component>
      <object_component id="oc-234">
         <name>.text.RingBuf_getConsume</name>
         <load_address>0x2000f726</load_address>
         <readonly>true</readonly>
         <executable>true</executable>
         <run_address>0x2000f726</run_address>
         <size>0x2e</size>
         <alignment>0x2</alignment>
         <input_file_ref idref="fl-1a"/>
      </object_component>
      <object_component id="oc-22f">
         <name>.text.RingBuf_putPointer</name>
         <load_address>0x2000f754</load_address>
         <readonly>true</readonly>
         <executable>true</executable>
         <run_address>0x2000f754</run_address>
         <size>0x2e</size>
         <alignment>0x2</alignment>
         <input_file_ref idref="fl-1a"/>
      </object_component>
      <object_component id="oc-1d8">
         <name>.text.UARTDisable</name>
         <load_address>0x2000f782</load_address>
         <readonly>true</readonly>
         <executable>true</executable>
         <run_address>0x2000f782</run_address>
         <size>0x2e</size>
         <alignment>0x2</alignment>
         <input_file_ref idref="fl-2b"/>
      </object_component>
      <object_component id="oc-1e3">
         <name>.text.UART2CC32XX_getRxData</name>
         <load_address>0x2000f7b0</load_address>
         <readonly>true</readonly>
         <executable>true</executable>
         <run_address>0x2000f7b0</run_address>
         <size>0x2c</size>
         <alignment>0x2</alignment>
         <input_file_ref idref="fl-18"/>
      </object_component>
      <object_component id="oc-13f">
         <name>.text.HwiP_create</name>
         <load_address>0x2000f7dc</load_address>
         <readonly>true</readonly>
         <executable>true</executable>
         <run_address>0x2000f7dc</run_address>
         <size>0x2a</size>
         <alignment>0x2</alignment>
         <input_file_ref idref="fl-1f"/>
      </object_component>
      <object_component id="oc-17f">
         <name>.text.PRCMLPDSWakeUpGPIOSelect</name>
         <load_address>0x2000f806</load_address>
         <readonly>true</readonly>
         <executable>true</executable>
         <run_address>0x2000f806</run_address>
         <size>0x2a</size>
         <alignment>0x2</alignment>
         <input_file_ref idref="fl-28"/>
      </object_component>
      <object_component id="oc-116">
         <name>.text.PRCMPeripheralClkDisable</name>
         <load_address>0x2000f830</load_address>
         <readonly>true</readonly>
         <executable>true</executable>
         <run_address>0x2000f830</run_address>
         <size>0x2a</size>
         <alignment>0x2</alignment>
         <input_file_ref idref="fl-28"/>
      </object_component>
      <object_component id="oc-1e2">
         <name>.text.UARTIntStatus</name>
         <load_address>0x2000f85a</load_address>
         <readonly>true</readonly>
         <executable>true</executable>
         <run_address>0x2000f85a</run_address>
         <size>0x2a</size>
         <alignment>0x2</alignment>
         <input_file_ref idref="fl-2b"/>
      </object_component>
      <object_component id="oc-226">
         <name>.text.List_remove</name>
         <load_address>0x2000f884</load_address>
         <readonly>true</readonly>
         <executable>true</executable>
         <run_address>0x2000f884</run_address>
         <size>0x28</size>
         <alignment>0x2</alignment>
         <input_file_ref idref="fl-19"/>
      </object_component>
      <object_component id="oc-24a">
         <name>.text.PRCMSRAMRetentionEnable</name>
         <load_address>0x2000f8ac</load_address>
         <readonly>true</readonly>
         <executable>true</executable>
         <run_address>0x2000f8ac</run_address>
         <size>0x28</size>
         <alignment>0x2</alignment>
         <input_file_ref idref="fl-28"/>
      </object_component>
      <object_component id="oc-157">
         <name>.text.PowerCC32XX_getParkState</name>
         <load_address>0x2000f8d4</load_address>
         <readonly>true</readonly>
         <executable>true</executable>
         <run_address>0x2000f8d4</run_address>
         <size>0x28</size>
         <alignment>0x4</alignment>
         <input_file_ref idref="fl-15"/>
      </object_component>
      <object_component id="oc-212">
         <name>.text.free_list_insert</name>
         <load_address>0x2000f8fc</load_address>
         <readonly>true</readonly>
         <executable>true</executable>
         <run_address>0x2000f8fc</run_address>
         <size>0x28</size>
         <alignment>0x4</alignment>
         <input_file_ref idref="fl-3b"/>
      </object_component>
      <object_component id="oc-225">
         <name>.text.IntUnregister</name>
         <load_address>0x2000f924</load_address>
         <readonly>true</readonly>
         <executable>true</executable>
         <run_address>0x2000f924</run_address>
         <size>0x24</size>
         <alignment>0x2</alignment>
         <input_file_ref idref="fl-26"/>
      </object_component>
      <object_component id="oc-197">
         <name>.text.List_put</name>
         <load_address>0x2000f948</load_address>
         <readonly>true</readonly>
         <executable>true</executable>
         <run_address>0x2000f948</run_address>
         <size>0x24</size>
         <alignment>0x2</alignment>
         <input_file_ref idref="fl-19"/>
      </object_component>
      <object_component id="oc-17d">
         <name>.text.PRCMLPDSWakeupSourceEnable</name>
         <load_address>0x2000f96c</load_address>
         <readonly>true</readonly>
         <executable>true</executable>
         <run_address>0x2000f96c</run_address>
         <size>0x24</size>
         <alignment>0x2</alignment>
         <input_file_ref idref="fl-28"/>
      </object_component>
      <object_component id="oc-1de">
         <name>.text.PowerCC32XX_restoreParkState</name>
         <load_address>0x2000f990</load_address>
         <readonly>true</readonly>
         <executable>true</executable>
         <run_address>0x2000f990</run_address>
         <size>0x24</size>
         <alignment>0x4</alignment>
         <input_file_ref idref="fl-15"/>
      </object_component>
      <object_component id="oc-254">
         <name>.text.PowerCC32XX_restoreParkedPin</name>
         <load_address>0x2000f9b4</load_address>
         <readonly>true</readonly>
         <executable>true</executable>
         <run_address>0x2000f9b4</run_address>
         <size>0x24</size>
         <alignment>0x2</alignment>
         <input_file_ref idref="fl-15"/>
      </object_component>
      <object_component id="oc-12f">
         <name>.text.Power_registerNotify</name>
         <load_address>0x2000f9d8</load_address>
         <readonly>true</readonly>
         <executable>true</executable>
         <run_address>0x2000f9d8</run_address>
         <size>0x24</size>
         <alignment>0x4</alignment>
         <input_file_ref idref="fl-15"/>
      </object_component>
      <object_component id="oc-222">
         <name>.text.UART2Support_disableRx</name>
         <load_address>0x2000f9fc</load_address>
         <readonly>true</readonly>
         <executable>true</executable>
         <run_address>0x2000f9fc</run_address>
         <size>0x24</size>
         <alignment>0x2</alignment>
         <input_file_ref idref="fl-18"/>
      </object_component>
      <object_component id="oc-76">
         <name>.text:_c_int00_noargs</name>
         <load_address>0x2000fa20</load_address>
         <readonly>true</readonly>
         <executable>true</executable>
         <run_address>0x2000fa20</run_address>
         <size>0x24</size>
         <alignment>0x4</alignment>
         <input_file_ref idref="fl-3c"/>
      </object_component>
      <object_component id="oc-145">
         <name>.text.GPIOPinWrite</name>
         <load_address>0x2000fa44</load_address>
         <readonly>true</readonly>
         <executable>true</executable>
         <run_address>0x2000fa44</run_address>
         <size>0x22</size>
         <alignment>0x2</alignment>
         <input_file_ref idref="fl-24"/>
      </object_component>
      <object_component id="oc-253">
         <name>.text.PinUnlock</name>
         <load_address>0x2000fa66</load_address>
         <readonly>true</readonly>
         <executable>true</executable>
         <run_address>0x2000fa66</run_address>
         <size>0x22</size>
         <alignment>0x2</alignment>
         <input_file_ref idref="fl-27"/>
      </object_component>
      <object_component id="oc-235">
         <name>.text.RingBuf_getPointer</name>
         <load_address>0x2000fa88</load_address>
         <readonly>true</readonly>
         <executable>true</executable>
         <run_address>0x2000fa88</run_address>
         <size>0x22</size>
         <alignment>0x2</alignment>
         <input_file_ref idref="fl-1a"/>
      </object_component>
      <object_component id="oc-239">
         <name>.text.UART2Support_sendData</name>
         <load_address>0x2000faaa</load_address>
         <readonly>true</readonly>
         <executable>true</executable>
         <run_address>0x2000faaa</run_address>
         <size>0x22</size>
         <alignment>0x2</alignment>
         <input_file_ref idref="fl-18"/>
      </object_component>
      <object_component id="oc-16d">
         <name>.text.UART2_read</name>
         <load_address>0x2000facc</load_address>
         <readonly>true</readonly>
         <executable>true</executable>
         <run_address>0x2000facc</run_address>
         <size>0x22</size>
         <alignment>0x2</alignment>
         <input_file_ref idref="fl-17"/>
      </object_component>
      <object_component id="oc-1ce">
         <name>.text.IntRegister</name>
         <load_address>0x2000faee</load_address>
         <readonly>true</readonly>
         <executable>true</executable>
         <run_address>0x2000faee</run_address>
         <size>0x20</size>
         <alignment>0x2</alignment>
         <input_file_ref idref="fl-26"/>
      </object_component>
      <object_component id="oc-56">
         <name>.text.defaultHandler</name>
         <load_address>0x2000fb0e</load_address>
         <readonly>true</readonly>
         <executable>true</executable>
         <run_address>0x2000fb0e</run_address>
         <size>0x2</size>
         <alignment>0x2</alignment>
         <input_file_ref idref="fl-21"/>
      </object_component>
      <object_component id="oc-14f">
         <name>.text.PowerCC32XX_reset</name>
         <load_address>0x2000fb10</load_address>
         <readonly>true</readonly>
         <executable>true</executable>
         <run_address>0x2000fb10</run_address>
         <size>0x20</size>
         <alignment>0x4</alignment>
         <input_file_ref idref="fl-15"/>
      </object_component>
      <object_component id="oc-1dc">
         <name>.text.Power_unregisterNotify</name>
         <load_address>0x2000fb30</load_address>
         <readonly>true</readonly>
         <executable>true</executable>
         <run_address>0x2000fb30</run_address>
         <size>0x20</size>
         <alignment>0x4</alignment>
         <input_file_ref idref="fl-15"/>
      </object_component>
      <object_component id="oc-163">
         <name>.text.SemaphoreP_constructBinary</name>
         <load_address>0x2000fb50</load_address>
         <readonly>true</readonly>
         <executable>true</executable>
         <run_address>0x2000fb50</run_address>
         <size>0x20</size>
         <alignment>0x4</alignment>
         <input_file_ref idref="fl-1d"/>
      </object_component>
      <object_component id="oc-125">
         <name>.text.SemaphoreP_createBinary</name>
         <load_address>0x2000fb70</load_address>
         <readonly>true</readonly>
         <executable>true</executable>
         <run_address>0x2000fb70</run_address>
         <size>0x20</size>
         <alignment>0x4</alignment>
         <input_file_ref idref="fl-1d"/>
      </object_component>
      <object_component id="oc-1b0">
         <name>.text.PinTypeUART</name>
         <load_address>0x2000fb90</load_address>
         <readonly>true</readonly>
         <executable>true</executable>
         <run_address>0x2000fb90</run_address>
         <size>0x1e</size>
         <alignment>0x2</alignment>
         <input_file_ref idref="fl-27"/>
      </object_component>
      <object_component id="oc-16c">
         <name>.text.UART2_writeTimeout</name>
         <load_address>0x2000fbae</load_address>
         <readonly>true</readonly>
         <executable>true</executable>
         <run_address>0x2000fbae</run_address>
         <size>0x1e</size>
         <alignment>0x2</alignment>
         <input_file_ref idref="fl-17"/>
      </object_component>
      <object_component id="oc-1c4">
         <name>.text.UARTEnable</name>
         <load_address>0x2000fbcc</load_address>
         <readonly>true</readonly>
         <executable>true</executable>
         <run_address>0x2000fbcc</run_address>
         <size>0x1e</size>
         <alignment>0x2</alignment>
         <input_file_ref idref="fl-2b"/>
      </object_component>
      <object_component id="oc-22a">
         <name>.text.uDMAChannelDisable</name>
         <load_address>0x2000fbea</load_address>
         <readonly>true</readonly>
         <executable>true</executable>
         <run_address>0x2000fbea</run_address>
         <size>0x1e</size>
         <alignment>0x2</alignment>
         <input_file_ref idref="fl-2c"/>
      </object_component>
      <object_component id="oc-232">
         <name>.text.uDMAChannelEnable</name>
         <load_address>0x2000fc08</load_address>
         <readonly>true</readonly>
         <executable>true</executable>
         <run_address>0x2000fc08</run_address>
         <size>0x1e</size>
         <alignment>0x2</alignment>
         <input_file_ref idref="fl-2c"/>
      </object_component>
      <object_component id="oc-1e5">
         <name>.text.uDMAChannelIsEnabled</name>
         <load_address>0x2000fc26</load_address>
         <readonly>true</readonly>
         <executable>true</executable>
         <run_address>0x2000fc26</run_address>
         <size>0x1e</size>
         <alignment>0x2</alignment>
         <input_file_ref idref="fl-2c"/>
      </object_component>
      <object_component id="oc-1d3">
         <name>.text.HwiP_dispatch</name>
         <load_address>0x2000fc44</load_address>
         <readonly>true</readonly>
         <executable>true</executable>
         <run_address>0x2000fc44</run_address>
         <size>0x1c</size>
         <alignment>0x4</alignment>
         <input_file_ref idref="fl-1f"/>
      </object_component>
      <object_component id="oc-1f2">
         <name>.text.SwiP_disable</name>
         <load_address>0x2000fc60</load_address>
         <readonly>true</readonly>
         <executable>true</executable>
         <run_address>0x2000fc60</run_address>
         <size>0x1c</size>
         <alignment>0x4</alignment>
         <input_file_ref idref="fl-22"/>
      </object_component>
      <object_component id="oc-211">
         <name>.text.free_list_remove</name>
         <load_address>0x2000fc7c</load_address>
         <readonly>true</readonly>
         <executable>true</executable>
         <run_address>0x2000fc7c</run_address>
         <size>0x1c</size>
         <alignment>0x4</alignment>
         <input_file_ref idref="fl-3b"/>
      </object_component>
      <object_component id="oc-21">
         <name>.text.resetISR</name>
         <load_address>0x2000fc98</load_address>
         <readonly>true</readonly>
         <executable>true</executable>
         <run_address>0x2000fc98</run_address>
         <size>0x1c</size>
         <alignment>0x2</alignment>
         <input_file_ref idref="fl-21"/>
      </object_component>
      <object_component id="oc-217">
         <name>.text.GPIOIntDisable</name>
         <load_address>0x2000fcb4</load_address>
         <readonly>true</readonly>
         <executable>true</executable>
         <run_address>0x2000fcb4</run_address>
         <size>0x1a</size>
         <alignment>0x2</alignment>
         <input_file_ref idref="fl-24"/>
      </object_component>
      <object_component id="oc-113">
         <name>.text.PRCMHIBRegRead</name>
         <load_address>0x2000fcce</load_address>
         <readonly>true</readonly>
         <executable>true</executable>
         <run_address>0x2000fcce</run_address>
         <size>0x1a</size>
         <alignment>0x2</alignment>
         <input_file_ref idref="fl-28"/>
      </object_component>
      <object_component id="oc-112">
         <name>.text.PRCMHIBRegWrite</name>
         <load_address>0x2000fce8</load_address>
         <readonly>true</readonly>
         <executable>true</executable>
         <run_address>0x2000fce8</run_address>
         <size>0x1a</size>
         <alignment>0x2</alignment>
         <input_file_ref idref="fl-28"/>
      </object_component>
      <object_component id="oc-17e">
         <name>.text.PRCMLPDSWakeupSourceDisable</name>
         <load_address>0x2000fd02</load_address>
         <readonly>true</readonly>
         <executable>true</executable>
         <run_address>0x2000fd02</run_address>
         <size>0x1a</size>
         <alignment>0x2</alignment>
         <input_file_ref idref="fl-28"/>
      </object_component>
      <object_component id="oc-1df">
         <name>.text.PinToPadGet</name>
         <load_address>0x2000fd1c</load_address>
         <readonly>true</readonly>
         <executable>true</executable>
         <run_address>0x2000fd1c</run_address>
         <size>0x1a</size>
         <alignment>0x2</alignment>
         <input_file_ref idref="fl-27"/>
      </object_component>
      <object_component id="oc-1c7">
         <name>.text.UARTFlowControlSet</name>
         <load_address>0x2000fd36</load_address>
         <readonly>true</readonly>
         <executable>true</executable>
         <run_address>0x2000fd36</run_address>
         <size>0x1a</size>
         <alignment>0x2</alignment>
         <input_file_ref idref="fl-2b"/>
      </object_component>
      <object_component id="oc-1ab">
         <name>.text.GPIOIntEnable</name>
         <load_address>0x2000fd50</load_address>
         <readonly>true</readonly>
         <executable>true</executable>
         <run_address>0x2000fd50</run_address>
         <size>0x18</size>
         <alignment>0x2</alignment>
         <input_file_ref idref="fl-24"/>
      </object_component>
      <object_component id="oc-18b">
         <name>.text.SemaphoreP_create</name>
         <load_address>0x2000fd68</load_address>
         <readonly>true</readonly>
         <executable>true</executable>
         <run_address>0x2000fd68</run_address>
         <size>0x18</size>
         <alignment>0x2</alignment>
         <input_file_ref idref="fl-1d"/>
      </object_component>
      <object_component id="oc-a6">
         <name>.text.Board_init</name>
         <load_address>0x2000fd80</load_address>
         <readonly>true</readonly>
         <executable>true</executable>
         <run_address>0x2000fd80</run_address>
         <size>0x16</size>
         <alignment>0x2</alignment>
         <input_file_ref idref="fl-3"/>
      </object_component>
      <object_component id="oc-209">
         <name>.text.SysTickPeriodSet</name>
         <load_address>0x2000fd96</load_address>
         <readonly>true</readonly>
         <executable>true</executable>
         <run_address>0x2000fd96</run_address>
         <size>0x16</size>
         <alignment>0x2</alignment>
         <input_file_ref idref="fl-2a"/>
      </object_component>
      <object_component id="oc-1e7">
         <name>.text.UARTCharsAvail</name>
         <load_address>0x2000fdac</load_address>
         <readonly>true</readonly>
         <executable>true</executable>
         <run_address>0x2000fdac</run_address>
         <size>0x16</size>
         <alignment>0x2</alignment>
         <input_file_ref idref="fl-2b"/>
      </object_component>
      <object_component id="oc-1d6">
         <name>.text.UARTDMADisable</name>
         <load_address>0x2000fdc2</load_address>
         <readonly>true</readonly>
         <executable>true</executable>
         <run_address>0x2000fdc2</run_address>
         <size>0x16</size>
         <alignment>0x2</alignment>
         <input_file_ref idref="fl-2b"/>
      </object_component>
      <object_component id="oc-1c6">
         <name>.text.UARTFIFOLevelSet</name>
         <load_address>0x2000fdd8</load_address>
         <readonly>true</readonly>
         <executable>true</executable>
         <run_address>0x2000fdd8</run_address>
         <size>0x16</size>
         <alignment>0x2</alignment>
         <input_file_ref idref="fl-2b"/>
      </object_component>
      <object_component id="oc-1d5">
         <name>.text.UARTIntDisable</name>
         <load_address>0x2000fdee</load_address>
         <readonly>true</readonly>
         <executable>true</executable>
         <run_address>0x2000fdee</run_address>
         <size>0x16</size>
         <alignment>0x2</alignment>
         <input_file_ref idref="fl-2b"/>
      </object_component>
      <object_component id="oc-6c">
         <name>.text.CPUcpsid</name>
         <load_address>0x2000fe04</load_address>
         <readonly>true</readonly>
         <executable>true</executable>
         <run_address>0x2000fe04</run_address>
         <size>0x14</size>
         <alignment>0x2</alignment>
         <input_file_ref idref="fl-23"/>
      </object_component>
      <object_component id="oc-1a3">
         <name>.text.CPUcpsie</name>
         <load_address>0x2000fe18</load_address>
         <readonly>true</readonly>
         <executable>true</executable>
         <run_address>0x2000fe18</run_address>
         <size>0x14</size>
         <alignment>0x2</alignment>
         <input_file_ref idref="fl-23"/>
      </object_component>
      <object_component id="oc-1d9">
         <name>.text.HwiP_destruct</name>
         <load_address>0x2000fe2c</load_address>
         <readonly>true</readonly>
         <executable>true</executable>
         <run_address>0x2000fe2c</run_address>
         <size>0x14</size>
         <alignment>0x2</alignment>
         <input_file_ref idref="fl-1f"/>
      </object_component>
      <object_component id="oc-73">
         <name>.text.IntVTableBaseSet</name>
         <load_address>0x2000fe40</load_address>
         <readonly>true</readonly>
         <executable>true</executable>
         <run_address>0x2000fe40</run_address>
         <size>0x14</size>
         <alignment>0x2</alignment>
         <input_file_ref idref="fl-26"/>
      </object_component>
      <object_component id="oc-19e">
         <name>.text.Power_disablePolicy</name>
         <load_address>0x2000fe54</load_address>
         <readonly>true</readonly>
         <executable>true</executable>
         <run_address>0x2000fe54</run_address>
         <size>0x14</size>
         <alignment>0x4</alignment>
         <input_file_ref idref="fl-15"/>
      </object_component>
      <object_component id="oc-1fa">
         <name>.text.Power_getTransitionLatency</name>
         <load_address>0x2000fe68</load_address>
         <readonly>true</readonly>
         <executable>true</executable>
         <run_address>0x2000fe68</run_address>
         <size>0x14</size>
         <alignment>0x4</alignment>
         <input_file_ref idref="fl-15"/>
      </object_component>
      <object_component id="oc-210">
         <name>.text.Power_idleFunc</name>
         <load_address>0x2000fe7c</load_address>
         <readonly>true</readonly>
         <executable>true</executable>
         <run_address>0x2000fe7c</run_address>
         <size>0x14</size>
         <alignment>0x4</alignment>
         <input_file_ref idref="fl-15"/>
      </object_component>
      <object_component id="oc-233">
         <name>.text.UARTDMAEnable</name>
         <load_address>0x2000fe90</load_address>
         <readonly>true</readonly>
         <executable>true</executable>
         <run_address>0x2000fe90</run_address>
         <size>0x14</size>
         <alignment>0x2</alignment>
         <input_file_ref idref="fl-2b"/>
      </object_component>
      <object_component id="oc-1c5">
         <name>.text.UARTIntEnable</name>
         <load_address>0x2000fea4</load_address>
         <readonly>true</readonly>
         <executable>true</executable>
         <run_address>0x2000fea4</run_address>
         <size>0x14</size>
         <alignment>0x2</alignment>
         <input_file_ref idref="fl-2b"/>
      </object_component>
      <object_component id="oc-1fd">
         <name>.text.__aeabi_uldivmod</name>
         <load_address>0x2000feb8</load_address>
         <readonly>true</readonly>
         <executable>true</executable>
         <run_address>0x2000feb8</run_address>
         <size>0x14</size>
         <alignment>0x4</alignment>
         <input_file_ref idref="fl-ac"/>
      </object_component>
      <object_component id="oc-1ba">
         <name>.text.uDMAControlBaseSet</name>
         <load_address>0x2000fecc</load_address>
         <readonly>true</readonly>
         <executable>true</executable>
         <run_address>0x2000fecc</run_address>
         <size>0x14</size>
         <alignment>0x2</alignment>
[...]
         <object_component_ref idref="oc-1f2"/>
      </symbol>
      <symbol id="sm-2bd">
         <name>SwiP_restore</name>
         <value>0x2000f381</value>
         <object_component_ref idref="oc-20d"/>
      </symbol>
      <symbol id="sm-2d6">
         <name>CPUcpsid</name>
         <value>0x2000fe05</value>
         <object_component_ref idref="oc-6c"/>
      </symbol>
      <symbol id="sm-2d7">
         <name>CPUcpsie</name>
         <value>0x2000fe19</value>
         <object_component_ref idref="oc-1a3"/>
      </symbol>
      <symbol id="sm-2d8">
         <name>CPUprimask</name>
         <value>0x20010129</value>
         <object_component_ref idref="oc-263"/>
      </symbol>
      <symbol id="sm-2d9">
         <name>CPUwfi</name>
         <value>0x20010099</value>
         <object_component_ref idref="oc-259"/>
      </symbol>
      <symbol id="sm-312">
         <name>GPIODirModeSet</name>
         <value>0x2000efc9</value>
         <object_component_ref idref="oc-140"/>
      </symbol>
      <symbol id="sm-313">
         <name>GPIOIntClear</name>
         <value>0x2000ff07</value>
         <object_component_ref idref="oc-1aa"/>
      </symbol>
      <symbol id="sm-314">
         <name>GPIOIntDisable</name>
         <value>0x2000fcb5</value>
         <object_component_ref idref="oc-217"/>
      </symbol>
      <symbol id="sm-315">
         <name>GPIOIntEnable</name>
         <value>0x2000fd51</value>
         <object_component_ref idref="oc-1ab"/>
      </symbol>
      <symbol id="sm-316">
         <name>GPIOIntStatus</name>
         <value>0x2000f6f9</value>
         <object_component_ref idref="oc-1ac"/>
      </symbol>
      <symbol id="sm-317">
         <name>GPIOIntTypeSet</name>
         <value>0x2000dd51</value>
         <object_component_ref idref="oc-1a8"/>
      </symbol>
      <symbol id="sm-318">
         <name>GPIOPinWrite</name>
         <value>0x2000fa45</value>
         <object_component_ref idref="oc-145"/>
      </symbol>
      <symbol id="sm-368">
         <name>IntDisable</name>
         <value>0x2000d995</value>
         <object_component_ref idref="oc-224"/>
      </symbol>
      <symbol id="sm-369">
         <name>IntEnable</name>
         <value>0x2000da5d</value>
         <object_component_ref idref="oc-1d0"/>
      </symbol>
      <symbol id="sm-36a">
         <name>IntMasterDisable</name>
         <value>0x2001013d</value>
         <object_component_ref idref="oc-4a"/>
      </symbol>
      <symbol id="sm-36b">
         <name>IntMasterEnable</name>
         <value>0x20010147</value>
         <object_component_ref idref="oc-138"/>
      </symbol>
      <symbol id="sm-36c">
         <name>IntPendClear</name>
         <value>0x2000e77b</value>
         <object_component_ref idref="oc-1cd"/>
      </symbol>
      <symbol id="sm-36d">
         <name>IntPendSet</name>
         <value>0x2000ddfd</value>
         <object_component_ref idref="oc-27a"/>
      </symbol>
      <symbol id="sm-36e">
         <name>IntPrioritySet</name>
         <value>0x2000ea11</value>
         <object_component_ref idref="oc-1cf"/>
      </symbol>
      <symbol id="sm-36f">
         <name>IntRegister</name>
         <value>0x2000faef</value>
         <object_component_ref idref="oc-1ce"/>
      </symbol>
      <symbol id="sm-370">
         <name>IntUnregister</name>
         <value>0x2000f925</value>
         <object_component_ref idref="oc-225"/>
      </symbol>
      <symbol id="sm-371">
         <name>IntVTableBaseSet</name>
         <value>0x2000fe41</value>
         <object_component_ref idref="oc-73"/>
      </symbol>
      <symbol id="sm-3b9">
         <name>PinConfigGet</name>
         <value>0x2000eead</value>
         <object_component_ref idref="oc-270"/>
      </symbol>
      <symbol id="sm-3ba">
         <name>PinConfigSet</name>
         <value>0x2000dea1</value>
         <object_component_ref idref="oc-13c"/>
      </symbol>
      <symbol id="sm-3bb">
         <name>PinDirModeGet</name>
         <value>0x2000f501</value>
         <object_component_ref idref="oc-271"/>
      </symbol>
      <symbol id="sm-3bc">
         <name>PinDirModeSet</name>
         <value>0x2000f221</value>
         <object_component_ref idref="oc-272"/>
      </symbol>
      <symbol id="sm-3bd">
         <name>PinLock</name>
         <value>0x2000f461</value>
         <object_component_ref idref="oc-24d"/>
      </symbol>
      <symbol id="sm-3be">
         <name>PinLockLevelSet</name>
         <value>0x2000e4f5</value>
         <object_component_ref idref="oc-24c"/>
      </symbol>
      <symbol id="sm-3bf">
         <name>PinModeGet</name>
         <value>0x2000f535</value>
         <object_component_ref idref="oc-117"/>
      </symbol>
      <symbol id="sm-3c0">
         <name>PinModeSet</name>
         <value>0x2000f11d</value>
         <object_component_ref idref="oc-11c"/>
      </symbol>
      <symbol id="sm-3c1">
         <name>PinToPadGet</name>
         <value>0x2000fd1d</value>
         <object_component_ref idref="oc-1df"/>
      </symbol>
      <symbol id="sm-3c2">
         <name>PinTypeUART</name>
         <value>0x2000fb91</value>
         <object_component_ref idref="oc-1b0"/>
      </symbol>
      <symbol id="sm-3c3">
         <name>PinUnlock</name>
         <value>0x2000fa67</value>
         <object_component_ref idref="oc-253"/>
      </symbol>
      <symbol id="sm-475">
         <name>PRCMCC3200MCUInit</name>
         <value>0x2000c041</value>
         <object_component_ref idref="oc-d2"/>
      </symbol>
      <symbol id="sm-476">
         <name>PRCMHIBRegRead</name>
         <value>0x2000fccf</value>
         <object_component_ref idref="oc-113"/>
      </symbol>
      <symbol id="sm-477">
         <name>PRCMHIBRegWrite</name>
         <value>0x2000fce9</value>
         <object_component_ref idref="oc-112"/>
      </symbol>
      <symbol id="sm-478">
         <name>PRCMHibernateWakeUpGPIOSelect</name>
         <value>0x2000e39d</value>
         <object_component_ref idref="oc-180"/>
      </symbol>
      <symbol id="sm-479">
         <name>PRCMHibernateWakeupSourceDisable</name>
         <value>0x2000e901</value>
         <object_component_ref idref="oc-182"/>
      </symbol>
      <symbol id="sm-47a">
         <name>PRCMHibernateWakeupSourceEnable</name>
         <value>0x2000ebb9</value>
         <object_component_ref idref="oc-181"/>
      </symbol>
      <symbol id="sm-47b">
         <name>PRCMIntEnable</name>
         <value>0x2000ee1d</value>
         <object_component_ref idref="oc-252"/>
      </symbol>
      <symbol id="sm-47c">
         <name>PRCMLPDSEnter</name>
         <value>0x2000ea69</value>
         <object_component_ref idref="oc-258"/>
      </symbol>
      <symbol id="sm-47d">
         <name>PRCMLPDSEnterKeepDebugIf</name>
         <value>0x2000ef3d</value>
         <object_component_ref idref="oc-257"/>
      </symbol>
      <symbol id="sm-47e">
         <name>PRCMLPDSIntervalSet</name>
         <value>0x2000f669</value>
         <object_component_ref idref="oc-206"/>
      </symbol>
      <symbol id="sm-47f">
         <name>PRCMLPDSRestoreInfoSet</name>
         <value>0x2000ecf5</value>
         <object_component_ref idref="oc-273"/>
      </symbol>
      <symbol id="sm-480">
         <name>PRCMLPDSWakeUpGPIOSelect</name>
         <value>0x2000f807</value>
         <object_component_ref idref="oc-17f"/>
      </symbol>
      <symbol id="sm-481">
         <name>PRCMLPDSWakeupCauseGet</name>
         <value>0x200100c9</value>
         <object_component_ref idref="oc-255"/>
      </symbol>
      <symbol id="sm-482">
         <name>PRCMLPDSWakeupSourceDisable</name>
         <value>0x2000fd03</value>
         <object_component_ref idref="oc-17e"/>
      </symbol>
      <symbol id="sm-483">
         <name>PRCMLPDSWakeupSourceEnable</name>
         <value>0x2000f96d</value>
         <object_component_ref idref="oc-17d"/>
      </symbol>
      <symbol id="sm-484">
         <name>PRCMPeripheralClkDisable</name>
         <value>0x2000f831</value>
         <object_component_ref idref="oc-116"/>
      </symbol>
      <symbol id="sm-485">
         <name>PRCMPeripheralClkEnable</name>
         <value>0x2000e95d</value>
         <object_component_ref idref="oc-114"/>
      </symbol>
      <symbol id="sm-486">
         <name>PRCMPeripheralReset</name>
         <value>0x2000e711</value>
         <object_component_ref idref="oc-115"/>
      </symbol>
      <symbol id="sm-487">
         <name>PRCMPeripheralStatusGet</name>
         <value>0x2000ee65</value>
         <object_component_ref idref="oc-1a4"/>
      </symbol>
      <symbol id="sm-488">
         <name>PRCMSRAMRetentionEnable</name>
         <value>0x2000f8ad</value>
         <object_component_ref idref="oc-24a"/>
      </symbol>
      <symbol id="sm-489">
         <name>PRCMSleepEnter</name>
         <value>0x2001017f</value>
         <object_component_ref idref="oc-20c"/>
      </symbol>
      <symbol id="sm-48a">
         <name>PRCMSlowClkCtrFastGet</name>
         <value>0x2000f699</value>
         <object_component_ref idref="oc-241"/>
      </symbol>
      <symbol id="sm-48b">
         <name>PRCMSysResetCauseGet</name>
         <value>0x2000e199</value>
         <object_component_ref idref="oc-10d"/>
      </symbol>
      <symbol id="sm-4a9">
         <name>SysTickEnable</name>
         <value>0x2000ff2b</value>
         <object_component_ref idref="oc-20a"/>
      </symbol>
      <symbol id="sm-4aa">
         <name>SysTickIntDisable</name>
         <value>0x2000ff3d</value>
         <object_component_ref idref="oc-201"/>
      </symbol>
      <symbol id="sm-4ab">
         <name>SysTickIntEnable</name>
         <value>0x2000ff4f</value>
         <object_component_ref idref="oc-20b"/>
      </symbol>
      <symbol id="sm-4ac">
         <name>SysTickPeriodSet</name>
         <value>0x2000fd97</value>
         <object_component_ref idref="oc-209"/>
      </symbol>
      <symbol id="sm-516">
         <name>UARTBusy</name>
         <value>0x2000fff5</value>
         <object_component_ref idref="oc-265"/>
      </symbol>
      <symbol id="sm-517">
         <name>UARTCharPutNonBlocking</name>
         <value>0x2000f497</value>
         <object_component_ref idref="oc-264"/>
      </symbol>
      <symbol id="sm-518">
         <name>UARTCharsAvail</name>
         <value>0x2000fdad</value>
         <object_component_ref idref="oc-1e7"/>
      </symbol>
      <symbol id="sm-519">
         <name>UARTConfigSetExpClk</name>
         <value>0x2000e411</value>
         <object_component_ref idref="oc-1be"/>
      </symbol>
      <symbol id="sm-51a">
         <name>UARTDMADisable</name>
         <value>0x2000fdc3</value>
         <object_component_ref idref="oc-1d6"/>
      </symbol>
      <symbol id="sm-51b">
         <name>UARTDMAEnable</name>
         <value>0x2000fe91</value>
         <object_component_ref idref="oc-233"/>
      </symbol>
      <symbol id="sm-51c">
         <name>UARTDisable</name>
         <value>0x2000f783</value>
         <object_component_ref idref="oc-1d8"/>
      </symbol>
      <symbol id="sm-51d">
         <name>UARTEnable</name>
         <value>0x2000fbcd</value>
         <object_component_ref idref="oc-1c4"/>
      </symbol>
      <symbol id="sm-51e">
         <name>UARTFIFOLevelSet</name>
         <value>0x2000fdd9</value>
         <object_component_ref idref="oc-1c6"/>
      </symbol>
      <symbol id="sm-51f">
         <name>UARTFlowControlSet</name>
         <value>0x2000fd37</value>
         <object_component_ref idref="oc-1c7"/>
      </symbol>
      <symbol id="sm-520">
         <name>UARTIntClear</name>
         <value>0x20010005</value>
         <object_component_ref idref="oc-1c3"/>
      </symbol>
      <symbol id="sm-521">
         <name>UARTIntDisable</name>
         <value>0x2000fdef</value>
         <object_component_ref idref="oc-1d5"/>
      </symbol>
      <symbol id="sm-522">
         <name>UARTIntEnable</name>
         <value>0x2000fea5</value>
         <object_component_ref idref="oc-1c5"/>
      </symbol>
      <symbol id="sm-523">
         <name>UARTIntStatus</name>
         <value>0x2000f85b</value>
         <object_component_ref idref="oc-1e2"/>
      </symbol>
      <symbol id="sm-524">
         <name>UARTRxErrorGet</name>
         <value>0x20010015</value>
         <object_component_ref idref="oc-1e4"/>
      </symbol>
      <symbol id="sm-57d">
         <name>uDMAChannelAssign</name>
         <value>0x2000ec59</value>
         <object_component_ref idref="oc-1c8"/>
      </symbol>
      <symbol id="sm-57e">
         <name>uDMAChannelAttributeDisable</name>
         <value>0x2000e077</value>
         <object_component_ref idref="oc-1c9"/>
      </symbol>
      <symbol id="sm-57f">
         <name>uDMAChannelControlSet</name>
         <value>0x2000f1e1</value>
         <object_component_ref idref="oc-230"/>
      </symbol>
      <symbol id="sm-580">
         <name>uDMAChannelDisable</name>
         <value>0x2000fbeb</value>
         <object_component_ref idref="oc-22a"/>
      </symbol>
      <symbol id="sm-581">
         <name>uDMAChannelEnable</name>
         <value>0x2000fc09</value>
         <object_component_ref idref="oc-232"/>
      </symbol>
      <symbol id="sm-582">
         <name>uDMAChannelIsEnabled</name>
         <value>0x2000fc27</value>
         <object_component_ref idref="oc-1e5"/>
      </symbol>
      <symbol id="sm-583">
         <name>uDMAChannelSizeGet</name>
         <value>0x2000ed8b</value>
         <object_component_ref idref="oc-22b"/>
      </symbol>
      <symbol id="sm-584">
         <name>uDMAChannelTransferSet</name>
         <value>0x2000d4db</value>
         <object_component_ref idref="oc-231"/>
      </symbol>
      <symbol id="sm-585">
         <name>uDMAControlBaseSet</name>
         <value>0x2000fecd</value>
         <object_component_ref idref="oc-1ba"/>
      </symbol>
      <symbol id="sm-586">
         <name>uDMAEnable</name>
         <value>0x20010061</value>
         <object_component_ref idref="oc-1b5"/>
      </symbol>
      <symbol id="sm-587">
         <name>uDMAErrorStatusClear</name>
         <value>0x2001006f</value>
         <object_component_ref idref="oc-27c"/>
      </symbol>
      <symbol id="sm-588">
         <name>uDMAErrorStatusGet</name>
         <value>0x2001011d</value>
         <object_component_ref idref="oc-27b"/>
      </symbol>
      <symbol id="sm-589">
         <name>uDMAIntClear</name>
         <value>0x2000fee1</value>
         <object_component_ref idref="oc-22c"/>
      </symbol>
      <symbol id="sm-594">
         <name>UtilsDelay</name>
         <value>0x20010187</value>
         <object_component_ref idref="oc-10e"/>
      </symbol>
      <symbol id="sm-5c1">
         <name>FlashDisable</name>
         <value>0x2000e8a5</value>
         <object_component_ref idref="oc-275"/>
      </symbol>
      <symbol id="sm-5e1">
         <name>malloc</name>
         <value>0x20010199</value>
         <object_component_ref idref="oc-1a5"/>
      </symbol>
      <symbol id="sm-5e2">
         <name>aligned_alloc</name>
         <value>0x2000d2a1</value>
         <object_component_ref idref="oc-216"/>
      </symbol>
      <symbol id="sm-5e3">
         <name>free</name>
         <value>0x2000d6f1</value>
         <object_component_ref idref="oc-18f"/>
      </symbol>
      <symbol id="sm-5e4">
         <name>_sys_memory</name>
         <value>0x20004040</value>
         <object_component_ref idref="oc-31"/>
      </symbol>
      <symbol id="sm-5e5">
         <name>memalign</name>
         <value>0x2000d2a1</value>
         <object_component_ref idref="oc-216"/>
      </symbol>
      <symbol id="sm-5f0">
         <name>_c_int00_noargs</name>
         <value>0x2000fa21</value>
         <object_component_ref idref="oc-76"/>
      </symbol>
      <symbol id="sm-5f1">
         <name>__stack</name>
         <value>0x20003000</value>
         <object_component_ref idref="oc-16"/>
      </symbol>
      <symbol id="sm-5fd">
         <name>__TI_auto_init_nobinit_nopinit</name>
         <value>0x2000f429</value>
         <object_component_ref idref="oc-bf"/>
      </symbol>
      <symbol id="sm-605">
         <name>_system_pre_init</name>
         <value>0x200101d5</value>
         <object_component_ref idref="oc-8b"/>
      </symbol>
      <symbol id="sm-610">
         <name>__TI_zero_init</name>
         <value>0x20010035</value>
         <object_component_ref idref="oc-49"/>
      </symbol>
      <symbol id="sm-619">
         <name>__TI_decompress_none</name>
         <value>0x2001008b</value>
         <object_component_ref idref="oc-1c"/>
      </symbol>
      <symbol id="sm-623">
         <name>__TI_decompress_lzss</name>
         <value>0x2000e485</value>
         <object_component_ref idref="oc-18"/>
      </symbol>
      <symbol id="sm-62d">
         <name>abort</name>
         <value>0x200101d9</value>
         <object_component_ref idref="oc-b8"/>
      </symbol>
      <symbol id="sm-62e">
         <name>C$$EXIT</name>
         <value>0x200101d8</value>
         <object_component_ref idref="oc-b8"/>
      </symbol>
      <symbol id="sm-637">
         <name>_nop</name>
         <value>0x2000eca7</value>
         <object_component_ref idref="oc-16e"/>
      </symbol>
      <symbol id="sm-638">
         <name>_lock</name>
         <value>0x2001129c</value>
         <object_component_ref idref="oc-103"/>
      </symbol>
      <symbol id="sm-639">
         <name>_unlock</name>
         <value>0x200112a0</value>
         <object_component_ref idref="oc-106"/>
      </symbol>
      <symbol id="sm-640">
         <name>__aeabi_memcpy</name>
         <value>0x200101d1</value>
         <object_component_ref idref="oc-3c"/>
      </symbol>
      <symbol id="sm-641">
         <name>__aeabi_memcpy4</name>
         <value>0x200101d1</value>
         <object_component_ref idref="oc-3c"/>
      </symbol>
      <symbol id="sm-642">
         <name>__aeabi_memcpy8</name>
         <value>0x200101d1</value>
         <object_component_ref idref="oc-3c"/>
      </symbol>
      <symbol id="sm-649">
         <name>__aeabi_memclr</name>
         <value>0x20010191</value>
         <object_component_ref idref="oc-67"/>
      </symbol>
      <symbol id="sm-64a">
         <name>__aeabi_memclr4</name>
         <value>0x20010191</value>
         <object_component_ref idref="oc-67"/>
      </symbol>
      <symbol id="sm-64b">
         <name>__aeabi_memclr8</name>
         <value>0x20010191</value>
         <object_component_ref idref="oc-67"/>
      </symbol>
      <symbol id="sm-651">
         <name>__aeabi_uldivmod</name>
         <value>0x2000feb9</value>
         <object_component_ref idref="oc-1fd"/>
      </symbol>
      <symbol id="sm-657">
         <name>__udivmoddi4</name>
         <value>0x2000dca1</value>
         <object_component_ref idref="oc-242"/>
      </symbol>
      <symbol id="sm-661">
         <name>__aeabi_ldiv0</name>
         <value>0x2000eabf</value>
         <object_component_ref idref="oc-269"/>
      </symbol>
      <symbol id="sm-669">
         <name>TI_memcpy_small</name>
         <value>0x2000ff73</value>
         <object_component_ref idref="oc-81"/>
      </symbol>
      <symbol id="sm-671">
         <name>TI_memset_small</name>
         <value>0x2001007d</value>
         <object_component_ref idref="oc-9e"/>
      </symbol>
      <symbol id="sm-672">
         <name>__TI_static_base__</name>
         <value>0x200101dc</value>
      </symbol>
      <symbol id="sm-675">
         <name>ITM_flush</name>
         <value>0x0</value>
      </symbol>
      <symbol id="sm-676">
         <name>ITM_restore</name>
         <value>0x0</value>
      </symbol>
      <symbol id="sm-677">
         <name>__mpu_init</name>
         <value>0x0</value>
      </symbol>
      <symbol id="sm-678">
         <name>_system_post_cinit</name>
         <value>0x0</value>
      </symbol>
   </symbol_table>
   <title>Link successful</title>
</link_info>
