******************************************************************************
            TI ARM Clang Linker PC v3.2.0                      
******************************************************************************
>> Linked Sat Nov 11 12:52:09 2023

OUTPUT FILE NAME:   <uart2echo_CC3220S_LAUNCHXL_nortos_ticlang.out>
ENTRY POINT SYMBOL: "resetISR"  address: 2000fc69


MEMORY CONFIGURATION

         name            origin    length      used     unused   attr    fill
----------------------  --------  ---------  --------  --------  ----  --------
  SRAM2                 20000000   00004000  0000130c  00002cf4  RW X
  SRAM                  20004000   0003c000  0000d546  0002eaba  RW X
  LOG_DATA              90000000   00040000  00000000  00040000  R   
  LOG_PTR               94000008   00040000  00000000  00040000  R   


SEGMENT ALLOCATION MAP

run origin  load origin   length   init length attrs members
----------  ----------- ---------- ----------- ----- -------
20003000    20003000    00001000   00000000    rw-
  20003000    20003000    00001000   00000000    rw- .stack
20004000    20004000    00000040   00000040    r--
  20004000    20004000    00000040   00000040    r-- .resetVecs
20004040    20004040    00008000   00000000    rw-
  20004040    20004040    00008000   00000000    rw- .sysmem
2000c040    2000c040    00004248   00004248    r-x
  2000c040    2000c040    00004158   00004158    r-x .text
  20010198    20010198    000000f0   000000f0    r-- .cinit
20010400    20010400    00000ea9   00000000    rw-
  20010400    20010400    00000820   00000000    rw- .bss
  20010c20    20010c20    00000689   00000000    rw- .data
200112ac    200112ac    00000415   00000415    r--
  200112ac    200112ac    00000415   00000415    r-- .rodata


SECTION ALLOCATION MAP

 output                                  attributes/
section   page    origin      length       input sections
--------  ----  ----------  ----------   ----------------
.text      0    2000c040    00004158     
                  2000c040    000004b8     driverlib.a : prcm.obj (.text.PRCMCC3200MCUInit)
                  2000c4f8    000003e4     drivers_cc32xx.a : PowerCC32XX.c.obj (.text.Power_sleep)
                  2000c8dc    00000222                      : UART2CC32XX.c.obj (.text.UART2CC32XX_hwiIntFxn)
                  2000cafe    000001d2                      : UART2.c.obj (.text.UART2_readTimeout)
                  2000ccd0    000001cc                      : UART2CC32XX.c.obj (.text.UART2_open)
                  2000ce9c    00000174                      : UART2.c.obj (.text.UART2_writeTimeoutBlocking)
                  2000d010    00000150     nortos_cc32xx.a : PowerCC32XX_nortos.c.obj (.text.PowerCC32XX_sleepPolicy)
                  2000d160    00000140     drivers_cc32xx.a : GPIOCC32XX.c.obj (.text.GPIO_setConfig)
                  2000d2a0    00000120     libc.a : memory.c.obj (.text.aligned_alloc)
                  2000d3c0    0000011a     drivers_cc32xx.a : UART2.c.obj (.text.UART2_writeTimeoutNonblocking)
                  2000d4da    00000112     driverlib.a : udma.obj (.text.uDMAChannelTransferSet)
                  2000d5ec    000000f0     libc.a : memory.c.obj (.text.free)
                  2000d6dc    000000e8     drivers_cc32xx.a : UART2CC32XX.c.obj (.text.UART2_close)
                  2000d7c4    000000d8     uart2echo.o (.text.mainThread)
                  2000d89c    000000cc     drivers_cc32xx.a : UART2CC32XX.c.obj (.text.UART2Support_dmaStartRx)
                  2000d968    000000c8     driverlib.a : interrupt.obj (.text.IntDisable)
                  2000da30    000000c8                 : interrupt.obj (.text.IntEnable)
                  2000daf8    000000c4     drivers_cc32xx.a : UART2CC32XX.c.obj (.text.UART2CC32XX_initHw)
                  2000dbbc    000000b8                      : UART2CC32XX.c.obj (.text.UART2Support_dmaStartTx)
                  2000dc74    000000b0     libclang_rt.builtins.a : udivmoddi4.S.obj (.text)
                  2000dd24    000000ac     driverlib.a : gpio.obj (.text.GPIOIntTypeSet)
                  2000ddd0    000000a4                 : interrupt.obj (.text.IntPendSet)
                  2000de74    000000a2                 : pin.obj (.text.PinConfigSet)
                  2000df16    00000002     ti_drivers_config.o (.text.Board_initHook)
                  2000df18    00000098     nortos_cc32xx.a : SemaphoreP_nortos.c.obj (.text.SemaphoreP_pend)
                  2000dfb0    00000096     drivers_cc32xx.a : PowerCC32XX_ticlang.asm.obj (.text)
                  2000e046    00000092     driverlib.a : udma.obj (.text.uDMAChannelAttributeDisable)
                  2000e0d8    00000090     drivers_cc32xx.a : GPIOCC32XX.c.obj (.text.GPIO_init)
                  2000e168    0000008e     driverlib.a : prcm.obj (.text.PRCMSysResetCauseGet)
                  2000e1f6    00000002     nortos_cc32xx.a : PowerCC32XX_nortos.c.obj (.text.PowerCC32XX_initPolicy)
                  2000e1f8    00000088     drivers_cc32xx.a : PowerCC32XX.c.obj (.text.PowerCC32XX_configureWakeup)
                  2000e280    00000078                      : PowerCC32XX.c.obj (.text.Power_init)
                  2000e2f8    00000074     nortos_cc32xx.a : HwiPCC32XX_nortos.c.obj (.text.HwiP_construct)
                  2000e36c    00000074     driverlib.a : prcm.obj (.text.PRCMHibernateWakeUpGPIOSelect)
                  2000e3e0    00000074                 : uart.obj (.text.UARTConfigSetExpClk)
                  2000e454    00000070     libc.a : copy_decompress_lzss.c.obj (.text:decompress:lzss)
                  2000e4c4    0000006c     driverlib.a : pin.obj (.text.PinLockLevelSet)
                  2000e530    0000006c     drivers_cc32xx.a : PowerCC32XX.c.obj (.text.Power_setDependency)
                  2000e59c    0000006c                      : UDMACC32XX.c.obj (.text.UDMACC32XX_open)
                  2000e608    0000006c                      : GPIOCC32XX.c.obj (.text.powerNotifyFxn)
                  2000e674    0000006c     libc.a : memory.c.obj (.text.split)
                  2000e6e0    0000006a     driverlib.a : prcm.obj (.text.PRCMPeripheralReset)
                  2000e74a    00000068                 : interrupt.obj (.text.IntPendClear)
                  2000e7b2    00000002     nortos_cc32xx.a : SemaphoreP_nortos.c.obj (.text.SemaphoreP_destruct)
                  2000e7b4    00000060     drivers_cc32xx.a : GPIOCC32XX.c.obj (.text.GPIO_write)
                  2000e814    00000060                      : UART2CC32XX.c.obj (.text.UART2Support_dmaStopTx)
                  2000e874    0000005c     driverlib.a : flash.obj (.text.FlashDisable)
                  2000e8d0    0000005c                 : prcm.obj (.text.PRCMHibernateWakeupSourceDisable)
                  2000e92c    0000005a                 : prcm.obj (.text.PRCMPeripheralClkEnable)
                  2000e986    00000002     drivers_cc32xx.a : UART2CC32XX.c.obj (.text.UART2CC32XX_eventCallback)
                  2000e988    00000058     nortos_cc32xx.a : ClockPSysTick_nortos.c.obj (.text.ClockP_startup)
                  2000e9e0    00000058     driverlib.a : interrupt.obj (.text.IntPrioritySet)
                  2000ea38    00000056                 : prcm.obj (.text.PRCMLPDSEnter)
                  2000ea8e    00000002     libclang_rt.builtins.a : aeabi_div0.c.obj (.text.__aeabi_ldiv0)
                  2000ea90    00000054     drivers_cc32xx.a : PowerCC32XX.c.obj (.text.PowerCC32XX_setParkState)
                  2000eae4    00000054                      : PowerCC32XX.c.obj (.text.Power_releaseDependency)
                  2000eb38    00000050                      : GPIOCC32XX.c.obj (.text.GPIO_hwiIntFxn)
                  2000eb88    00000050     driverlib.a : prcm.obj (.text.PRCMHibernateWakeupSourceEnable)
                  2000ebd8    00000050     nortos_cc32xx.a : SemaphoreP_nortos.c.obj (.text.SemaphoreP_construct)
                  2000ec28    0000004e     driverlib.a : udma.obj (.text.uDMAChannelAssign)
                  2000ec76    00000002     libc.a : _lock.c.obj (.text._nop)
                  2000ec78    0000004c     drivers_cc32xx.a : GPIOCC32XX.c.obj (.text.GPIO_setInterruptConfig)
                  2000ecc4    0000004c     driverlib.a : prcm.obj (.text.PRCMLPDSRestoreInfoSet)
                  2000ed10    0000004a     drivers_cc32xx.a : UART2CC32XX.c.obj (.text.UART2Support_dmaStopRx)
                  2000ed5a    0000004a     driverlib.a : udma.obj (.text.uDMAChannelSizeGet)
                  2000eda4    00000048     nortos_cc32xx.a : ClockPSysTick_nortos.c.obj (.text.ClockP_sysTickHandler)
                  2000edec    00000048     driverlib.a : prcm.obj (.text.PRCMIntEnable)
                  2000ee34    00000048                 : prcm.obj (.text.PRCMPeripheralStatusGet)
                  2000ee7c    00000048                 : pin.obj (.text.PinConfigGet)
                  2000eec4    00000048     drivers_cc32xx.a : UART2.c.obj (.text.UART2_readFull)
                  2000ef0c    00000046     driverlib.a : prcm.obj (.text.PRCMLPDSEnterKeepDebugIf)
                  2000ef52    00000046     drivers_cc32xx.a : RingBuf.c.obj (.text.RingBuf_put)
                  2000ef98    00000044     driverlib.a : gpio.obj (.text.GPIODirModeSet)
                  2000efdc    00000044     drivers_cc32xx.a : GPIOCC32XX.c.obj (.text.GPIO_disableInt)
                  2000f020    00000044                      : GPIOCC32XX.c.obj (.text.GPIO_enableInt)
                  2000f064    00000044                      : PowerCC32XX.c.obj (.text.Power_releaseConstraint)
                  2000f0a8    00000044     nortos_cc32xx.a : ClockPSysTick_nortos.c.obj (.text.addToList)
                  2000f0ec    00000042     driverlib.a : pin.obj (.text.PinModeSet)
                  2000f12e    00000042     nortos_cc32xx.a : PowerCC32XX_nortos.c.obj (.text.getCountsRTC)
                  2000f170    00000040                     : SemaphoreP_nortos.c.obj (.text.SemaphoreP_post)
                  2000f1b0    00000040     driverlib.a : udma.obj (.text.uDMAChannelControlSet)
                  2000f1f0    0000003e                 : pin.obj (.text.PinDirModeSet)
                  2000f22e    00000002     nortos_cc32xx.a : startup_cc32xx_ticlang.c.obj (.text.busFaultHandler)
                  2000f230    0000003c                     : ClockPSysTick_nortos.c.obj (.text.ClockP_stop)
                  2000f26c    0000003c     drivers_cc32xx.a : UDMACC32XX.c.obj (.text.UDMACC32XX_init)
                  2000f2a8    00000038     nortos_cc32xx.a : ClockPSysTick_nortos.c.obj (.text.ClockP_destruct)
                  2000f2e0    00000038     drivers_cc32xx.a : PowerCC32XX.c.obj (.text.Power_setConstraint)
                  2000f318    00000038                      : RingBuf.c.obj (.text.RingBuf_putAdvance)
                  2000f350    00000038     nortos_cc32xx.a : SwiP_nortos.c.obj (.text.SwiP_restore)
                  2000f388    00000038     drivers_cc32xx.a : UART2.c.obj (.text.UART2_rxEnable)
                  2000f3c0    00000038                      : UDMACC32XX.c.obj (.text.UDMACC32XX_close)
                  2000f3f8    00000038     libc.a : autoinit.c.obj (.text:__TI_auto_init_nobinit_nopinit)
                  2000f430    00000036     driverlib.a : pin.obj (.text.PinLock)
                  2000f466    00000036                 : uart.obj (.text.UARTCharPutNonBlocking)
                  2000f49c    00000034     nortos_cc32xx.a : ClockPSysTick_nortos.c.obj (.text.ClockP_start)
                  2000f4d0    00000034     driverlib.a : pin.obj (.text.PinDirModeGet)
                  2000f504    00000034                 : pin.obj (.text.PinModeGet)
                  2000f538    00000034     drivers_cc32xx.a : PowerCC32XX.c.obj (.text.PowerCC32XX_parkPin)
                  2000f56c    00000034                      : UART2.c.obj (.text.UART2_rxDisable)
                  2000f5a0    00000034     nortos_cc32xx.a : startup_cc32xx_ticlang.c.obj (.text.initVectors)
                  2000f5d4    00000032     drivers_cc32xx.a : UART2CC32XX.c.obj (.text.UART2Support_enableInts)
                  2000f606    00000002     nortos_cc32xx.a : SemaphoreP_nortos.c.obj (.text.clkFxn)
                  2000f608    00000030                     : ClockPSysTick_nortos.c.obj (.text.ClockP_getTicksUntilInterrupt)
                  2000f638    00000030     driverlib.a : prcm.obj (.text.PRCMLPDSIntervalSet)
                  2000f668    00000030                 : prcm.obj (.text.PRCMSlowClkCtrFastGet)
                  2000f698    00000030     drivers_cc32xx.a : PowerCC32XX.c.obj (.text.notify)
                  2000f6c8    0000002e     driverlib.a : gpio.obj (.text.GPIOIntStatus)
                  2000f6f6    0000002e     drivers_cc32xx.a : RingBuf.c.obj (.text.RingBuf_getConsume)
                  2000f724    0000002e                      : RingBuf.c.obj (.text.RingBuf_putPointer)
                  2000f752    0000002e     driverlib.a : uart.obj (.text.UARTDisable)
                  2000f780    0000002c     drivers_cc32xx.a : UART2CC32XX.c.obj (.text.UART2CC32XX_getRxData)
                  2000f7ac    0000002a     nortos_cc32xx.a : HwiPCC32XX_nortos.c.obj (.text.HwiP_create)
                  2000f7d6    0000002a     driverlib.a : prcm.obj (.text.PRCMLPDSWakeUpGPIOSelect)
                  2000f800    0000002a                 : prcm.obj (.text.PRCMPeripheralClkDisable)
                  2000f82a    0000002a                 : uart.obj (.text.UARTIntStatus)
                  2000f854    00000028     drivers_cc32xx.a : List.c.obj (.text.List_remove)
                  2000f87c    00000028     driverlib.a : prcm.obj (.text.PRCMSRAMRetentionEnable)
                  2000f8a4    00000028     drivers_cc32xx.a : PowerCC32XX.c.obj (.text.PowerCC32XX_getParkState)
                  2000f8cc    00000028     libc.a : memory.c.obj (.text.free_list_insert)
                  2000f8f4    00000024     driverlib.a : interrupt.obj (.text.IntUnregister)
                  2000f918    00000024     drivers_cc32xx.a : List.c.obj (.text.List_put)
                  2000f93c    00000024     driverlib.a : prcm.obj (.text.PRCMLPDSWakeupSourceEnable)
                  2000f960    00000024     drivers_cc32xx.a : PowerCC32XX.c.obj (.text.PowerCC32XX_restoreParkState)
                  2000f984    00000024                      : PowerCC32XX.c.obj (.text.PowerCC32XX_restoreParkedPin)
                  2000f9a8    00000024                      : PowerCC32XX.c.obj (.text.Power_registerNotify)
                  2000f9cc    00000024                      : UART2CC32XX.c.obj (.text.UART2Support_disableRx)
                  2000f9f0    00000024     libc.a : boot_cortex_m.c.obj (.text:_c_int00_noargs)
                  2000fa14    00000022     driverlib.a : gpio.obj (.text.GPIOPinWrite)
                  2000fa36    00000022                 : pin.obj (.text.PinUnlock)
                  2000fa58    00000022     drivers_cc32xx.a : RingBuf.c.obj (.text.RingBuf_getPointer)
                  2000fa7a    00000022                      : UART2CC32XX.c.obj (.text.UART2Support_sendData)
                  2000fa9c    00000022                      : UART2.c.obj (.text.UART2_read)
                  2000fabe    00000020     driverlib.a : interrupt.obj (.text.IntRegister)
                  2000fade    00000002     nortos_cc32xx.a : startup_cc32xx_ticlang.c.obj (.text.defaultHandler)
                  2000fae0    00000020     drivers_cc32xx.a : PowerCC32XX.c.obj (.text.PowerCC32XX_reset)
                  2000fb00    00000020                      : PowerCC32XX.c.obj (.text.Power_unregisterNotify)
                  2000fb20    00000020     nortos_cc32xx.a : SemaphoreP_nortos.c.obj (.text.SemaphoreP_constructBinary)
                  2000fb40    00000020                     : SemaphoreP_nortos.c.obj (.text.SemaphoreP_createBinary)
                  2000fb60    0000001e     driverlib.a : pin.obj (.text.PinTypeUART)
                  2000fb7e    0000001e     drivers_cc32xx.a : UART2.c.obj (.text.UART2_writeTimeout)
                  2000fb9c    0000001e     driverlib.a : uart.obj (.text.UARTEnable)
                  2000fbba    0000001e                 : udma.obj (.text.uDMAChannelDisable)
                  2000fbd8    0000001e                 : udma.obj (.text.uDMAChannelEnable)
                  2000fbf6    0000001e                 : udma.obj (.text.uDMAChannelIsEnabled)
                  2000fc14    0000001c     nortos_cc32xx.a : HwiPCC32XX_nortos.c.obj (.text.HwiP_dispatch)
                  2000fc30    0000001c                     : SwiP_nortos.c.obj (.text.SwiP_disable)
                  2000fc4c    0000001c     libc.a : memory.c.obj (.text.free_list_remove)
                  2000fc68    0000001c     nortos_cc32xx.a : startup_cc32xx_ticlang.c.obj (.text.resetISR)
                  2000fc84    0000001a     driverlib.a : gpio.obj (.text.GPIOIntDisable)
                  2000fc9e    0000001a                 : prcm.obj (.text.PRCMHIBRegRead)
                  2000fcb8    0000001a                 : prcm.obj (.text.PRCMHIBRegWrite)
                  2000fcd2    0000001a                 : prcm.obj (.text.PRCMLPDSWakeupSourceDisable)
                  2000fcec    0000001a                 : pin.obj (.text.PinToPadGet)
                  2000fd06    0000001a                 : uart.obj (.text.UARTFlowControlSet)
                  2000fd20    00000018                 : gpio.obj (.text.GPIOIntEnable)
                  2000fd38    00000018     nortos_cc32xx.a : SemaphoreP_nortos.c.obj (.text.SemaphoreP_create)
                  2000fd50    00000016     ti_drivers_config.o (.text.Board_init)
                  2000fd66    00000016     driverlib.a : systick.obj (.text.SysTickPeriodSet)
                  2000fd7c    00000016                 : uart.obj (.text.UARTCharsAvail)
                  2000fd92    00000016                 : uart.obj (.text.UARTDMADisable)
                  2000fda8    00000016                 : uart.obj (.text.UARTFIFOLevelSet)
                  2000fdbe    00000016                 : uart.obj (.text.UARTIntDisable)
                  2000fdd4    00000014                 : cpu.obj (.text.CPUcpsid)
                  2000fde8    00000014                 : cpu.obj (.text.CPUcpsie)
                  2000fdfc    00000014     nortos_cc32xx.a : HwiPCC32XX_nortos.c.obj (.text.HwiP_destruct)
                  2000fe10    00000014     driverlib.a : interrupt.obj (.text.IntVTableBaseSet)
                  2000fe24    00000014     drivers_cc32xx.a : PowerCC32XX.c.obj (.text.Power_disablePolicy)
                  2000fe38    00000014                      : PowerCC32XX.c.obj (.text.Power_getTransitionLatency)
                  2000fe4c    00000014                      : PowerCC32XX.c.obj (.text.Power_idleFunc)
                  2000fe60    00000014     driverlib.a : uart.obj (.text.UARTDMAEnable)
                  2000fe74    00000014                 : uart.obj (.text.UARTIntEnable)
                  2000fe88    00000014     libclang_rt.builtins.a : aeabi_uldivmod.S.obj (.text.__aeabi_uldivmod)
                  2000fe9c    00000014     driverlib.a : udma.obj (.text.uDMAControlBaseSet)
                  2000feb0    00000014                 : udma.obj (.text.uDMAIntClear)
                  2000fec4    00000012     nortos_cc32xx.a : ClockPSysTick_nortos.c.obj (.text.ClockP_add)
                  2000fed6    00000012     driverlib.a : gpio.obj (.text.GPIOIntClear)
                  2000fee8    00000012     nortos_cc32xx.a : HwiPCC32XX_nortos.c.obj (.text.HwiP_Params_init)
                  2000fefa    00000012     driverlib.a : systick.obj (.text.SysTickEnable)
                  2000ff0c    00000012                 : systick.obj (.text.SysTickIntDisable)
                  2000ff1e    00000012                 : systick.obj (.text.SysTickIntEnable)
                  2000ff30    00000012     drivers_cc32xx.a : UDMACC32XX.c.obj (.text.postNotifyFxn)
                  2000ff42    00000012     libc.a : memcpy_t2.S.obj (.text:TI_memcpy_small)
                  2000ff54    00000010     nortos_cc32xx.a : ClockPSysTick_nortos.c.obj (.text.ClockP_getCpuFreq)
                  2000ff64    00000010                     : ClockPSysTick_nortos.c.obj (.text.ClockP_getSystemTicks)
                  2000ff74    00000010                     : ClockPSysTick_nortos.c.obj (.text.ClockP_setTicks)
                  2000ff84    00000010                     : HwiPCC32XX_nortos.c.obj (.text.HwiP_inISR)
                  2000ff94    00000010     drivers_cc32xx.a : PowerCC32XX.c.obj (.text.Power_enablePolicy)
                  2000ffa4    00000010                      : RingBuf.c.obj (.text.RingBuf_construct)
                  2000ffb4    00000010                      : UART2CC32XX.c.obj (.text.UART2Support_txDone)
                  2000ffc4    00000010     driverlib.a : uart.obj (.text.UARTBusy)
                  2000ffd4    00000010                 : uart.obj (.text.UARTIntClear)
                  2000ffe4    00000010                 : uart.obj (.text.UARTRxErrorGet)
                  2000fff4    00000010     main_nortos.o (.text.main)
                  20010004    00000010     libc.a : copy_zero_init.c.obj (.text:decompress:ZI)
                  20010014    0000000e     nortos_cc32xx.a : HwiPCC32XX_nortos.c.obj (.text.HwiP_interruptsEnabled)
                  20010022    0000000e     drivers_cc32xx.a : UART2.c.obj (.text.UART2_write)
                  20010030    0000000e     driverlib.a : udma.obj (.text.uDMAEnable)
                  2001003e    0000000e                 : udma.obj (.text.uDMAErrorStatusClear)
                  2001004c    0000000e     libc.a : memset_t2.S.obj (.text:TI_memset_small)
                  2001005a    0000000e            : copy_decompress_none.c.obj (.text:decompress:none)
                  20010068    0000000c     driverlib.a : cpu.obj (.text.CPUwfi)
                  20010074    0000000c     drivers_cc32xx.a : UART2CC32XX.c.obj (.text.OUTLINED_FUNCTION_0)
                  20010080    0000000c     driverlib.a : prcm.obj (.text.PRCMLPDSWakeupCauseGet)
                  2001008c    0000000c     drivers_cc32xx.a : PowerCC32XX.c.obj (.text.Power_getConstraintMask)
                  20010098    0000000c                      : UART2CC32XX.c.obj (.text.UART2CC32XX_postNotifyFxn)
                  200100a4    0000000c                      : UART2CC32XX.c.obj (.text.UART2Support_disableTx)
                  200100b0    0000000c                      : UART2CC32XX.c.obj (.text.UART2Support_enableRx)
                  200100bc    0000000c                      : UART2CC32XX.c.obj (.text.UART2Support_enableTx)
                  200100c8    0000000c                      : UART2.c.obj (.text.UART2_Params_init)
                  200100d4    0000000c     driverlib.a : udma.obj (.text.uDMAErrorStatusGet)
                  200100e0    0000000a                 : cpu.obj (.text.CPUprimask)
                  200100ea    0000000a     nortos_cc32xx.a : ClockPSysTick_nortos.c.obj (.text.ClockP_isActive)
                  200100f4    0000000a     driverlib.a : interrupt.obj (.text.IntMasterDisable)
                  200100fe    0000000a                 : interrupt.obj (.text.IntMasterEnable)
                  20010108    0000000a     drivers_cc32xx.a : UART2CC32XX.c.obj (.text.OUTLINED_FUNCTION_1)
                  20010112    0000000a                      : UART2CC32XX.c.obj (.text.OUTLINED_FUNCTION_2)
                  2001011c    0000000a     ti_drivers_config.o (.text.dmaErrorFxn)
                  20010126    00000008     nortos_cc32xx.a : HwiPCC32XX_nortos.c.obj (.text.HwiP_disable)
                  2001012e    00000008                     : HwiPCC32XX_nortos.c.obj (.text.HwiP_restore)
                  20010136    00000008     driverlib.a : prcm.obj (.text.PRCMSleepEnter)
                  2001013e    00000008                 : utils.obj (.text.UtilsDelay)
                  20010146    00000002     nortos_cc32xx.a : startup_cc32xx_ticlang.c.obj (.text.faultISR)
                  20010148    00000008     libclang_rt.builtins.a : aeabi_memset.S.obj (.text.__aeabi_memclr)
                  20010150    00000008     libc.a : memory.c.obj (.text.malloc)
                  20010158    00000006     drivers_cc32xx.a : UART2.c.obj (.text.OUTLINED_FUNCTION_0)
                  2001015e    00000006                      : UART2CC32XX.c.obj (.text.UART2Support_powerRelConstraint)
                  20010164    00000006                      : UART2CC32XX.c.obj (.text.UART2Support_powerSetConstraint)
                  2001016a    00000004     nortos_cc32xx.a : ClockPSysTick_nortos.c.obj (.text.ClockP_doTick)
                  2001016e    00000004                     : HwiPCC32XX_nortos.c.obj (.text.HwiP_clearInterrupt)
                  20010172    00000004                     : HwiPCC32XX_nortos.c.obj (.text.HwiP_enable)
                  20010176    00000004                     : HwiPCC32XX_nortos.c.obj (.text.HwiP_post)
                  2001017a    00000004     driverlib.a : interrupt.obj (.text.IntDefaultHandler)
                  2001017e    00000004     nortos_cc32xx.a : NoRTOS.c.obj (.text.NoRTOS_start)
                  20010182    00000004     drivers_cc32xx.a : RingBuf.c.obj (.text.RingBuf_getCount)
                  20010186    00000004     nortos_cc32xx.a : SemaphoreP_nortos.c.obj (.text.SemaphoreP_delete)
                  2001018a    00000002                     : startup_cc32xx_ticlang.c.obj (.text.nmiISR)
                  2001018c    00000004     libclang_rt.builtins.a : aeabi_memcpy.S.obj (.text.__aeabi_memcpy)
                  20010190    00000004     libc.a : pre_init.c.obj (.text._system_pre_init)
                  20010194    00000004            : exit.c.obj (.text:abort)

.ramVecs   0    20000000    0000030c     NOLOAD SECTION
                  20000000    0000030c     nortos_cc32xx.a : startup_cc32xx_ticlang.c.obj (.ramVecs)

.stack     0    20003000    00001000     UNINITIALIZED
                  20003000    00000004     libc.a : boot_cortex_m.c.obj (.stack)
                  20003004    00000ffc     --HOLE--

.resetVecs 
*          0    20004000    00000040     
                  20004000    00000040     nortos_cc32xx.a : startup_cc32xx_ticlang.c.obj (.resetVecs)

.sysmem    0    20004040    00008000     UNINITIALIZED
                  20004040    00000010     libc.a : memory.c.obj (.sysmem)
                  20004050    00007ff0     --HOLE--

.cinit     0    20010198    000000f0     
                  20010198    000000cc     (.cinit..data.load) [load image, compression = lzss]
                  20010264    0000000c     (__TI_handler_table)
                  20010270    00000008     (.cinit..bss.load) [load image, compression = zero_init]
                  20010278    00000010     (__TI_cinit_table)

.rodata    0    200112ac    00000415     
                  200112ac    00000100     driverlib.a : pin.obj (.rodata.g_ulPinToPadMap)
                  200113ac    000000d4                 : interrupt.obj (.rodata.g_pulRegs)
                  20011480    000000a8                 : prcm.obj (.rodata.PRCM_PeriphRegsList)
                  20011528    00000044     ti_drivers_config.o (.rodata.PowerCC32XX_config)
                  2001156c    00000038     ti_drivers_config.o (.rodata.uart2CC32XXHWAttrs0)
                  200115a4    00000028     drivers_cc32xx.a : GPIOCC32XX.c.obj (.rodata.portConfigs)
                  200115cc    00000024                      : UART2.c.obj (.rodata.UART2_defaultParams)
                  200115f0    00000021                      : GPIOCC32XX.c.obj (.rodata.pinTable)
                  20011611    00000002                      : UART2CC32XX.c.obj (.rodata.stopBits)
                  20011613    00000001     ti_drivers_config.o (.rodata.GPIO_pinUpperBound)
                  20011614    00000018     driverlib.a : interrupt.obj (.rodata.g_pulDisRegs)
                  2001162c    00000018                 : interrupt.obj (.rodata.g_pulEnRegs)
                  20011644    00000018                 : interrupt.obj (.rodata.g_pulPendRegs)
                  2001165c    00000018                 : interrupt.obj (.rodata.g_pulUnpendRegs)
                  20011674    00000016     uart2echo.o (.rodata.str1.167418819479580569774)
                  2001168a    00000001     ti_drivers_config.o (.rodata.UART2_count)
                  2001168b    00000001     --HOLE-- [fill = 0]
                  2001168c    00000010     ti_drivers_config.o (.rodata.GPIO_config)
                  2001169c    0000000c     ti_drivers_config.o (.rodata.udmaCC3220SHWAttrs)
                  200116a8    00000008     ti_drivers_config.o (.rodata.UART2_config)
                  200116b0    00000008     ti_drivers_config.o (.rodata.UDMACC32XX_config)
                  200116b8    00000005     drivers_cc32xx.a : UART2CC32XX.c.obj (.rodata.parityType)
                  200116bd    00000004                      : UART2CC32XX.c.obj (.rodata.cst4)

.init_array 
*          0    20004000    00000000     UNINITIALIZED

.bss       0    20010400    00000820     UNINITIALIZED
                  20010400    00000400     ti_drivers_config.o (.bss.dmaControlTable)
                  20010800    00000178     (.common:uart2CC32XXObjects0)
                  20010978    0000012c     (.common:PowerCC32XX_contextSave)
                  20010aa4    00000084     (.common:gpioCallbackFunctions)
                  20010b28    00000084     (.common:gpioUserArgs)
                  20010bac    00000020     ti_drivers_config.o (.bss.uart2RxRingBuffer0)
                  20010bcc    00000020     ti_drivers_config.o (.bss.uart2TxRingBuffer0)
                  20010bec    00000014     drivers_cc32xx.a : UDMACC32XX.c.obj (.bss.postNotifyObj)
                  20010c00    00000010     (.common:ClockP_ctrl)
                  20010c10    00000008     (.common:udmaCC3220SObject)
                  20010c18    00000004     nortos_cc32xx.a : ClockPSysTick_nortos.c.obj (.bss.sysTickPeriod)
                  20010c1c    00000004     libc.a : memory.c.obj (.bss.sys_free)

.data      0    20010c20    00000689     UNINITIALIZED
                  20010c20    0000030c     nortos_cc32xx.a : HwiPCC32XX_nortos.c.obj (.data.HwiP_dispatchTable)
                  20010f2c    0000016c     drivers_cc32xx.a : PowerCC32XX.c.obj (.data.PowerCC32XX_module)
                  20011098    000000f8     ti_drivers_config.o (.data.parkInfo)
                  20011190    00000084     ti_drivers_config.o (.data.gpioPinConfigs)
                  20011214    0000004c     nortos_cc32xx.a : SwiP_nortos.c.obj (.data..L_MergedGlobals)
                  20011260    00000018     drivers_cc32xx.a : GPIOCC32XX.c.obj (.data..L_MergedGlobals)
                  20011278    00000010     nortos_cc32xx.a : SemaphoreP_nortos.c.obj (.data..L_MergedGlobals)
                  20011288    00000008     drivers_cc32xx.a : UDMACC32XX.c.obj (.data..L_MergedGlobals)
                  20011290    00000008     nortos_cc32xx.a : ClockPSysTick_nortos.c.obj (.data..L_MergedGlobals)
                  20011298    00000004                     : HwiPCC32XX_nortos.c.obj (.data.HwiP_swiPIntNum)
                  2001129c    00000004     libc.a : _lock.c.obj (.data._lock)
                  200112a0    00000004            : _lock.c.obj (.data._unlock)
                  200112a4    00000001     drivers_cc32xx.a : GPIOCC32XX.c.obj (.data.initCalled)
                  200112a5    00000001                      : GPIOCC32XX.c.obj (.data.portHwiCreatedBitMask)
                  200112a6    00000002     --HOLE--
                  200112a8    00000001     libc.a : memory.c.obj (.data.memory_is_initialized)

.log_data 
*          0    90000000    00000000     COPY SECTION

.log_ptr   0    94000008    00000000     COPY SECTION

__llvm_prf_cnts 
*          0    20004000    00000000     UNINITIALIZED

__llvm_prf_bits 
*          0    20004000    00000000     UNINITIALIZED

MODULE SUMMARY

       Module                         code    ro data   rw data
       ------                         ----    -------   -------
    .\
       uart2echo.o                    216     22        0      
       main_nortos.o                  16      0         0      
    +--+------------------------------+-------+---------+---------+
       Total:                         232     22        0      
                                                               
    .\syscfg\
       ti_drivers_config.o            34      170       2116   
    +--+------------------------------+-------+---------+---------+
       Total:                         34      170       2116   
                                                               
    C:/ti/simplelink_cc32xx_sdk_7_10_00_13/kernel/nortos/lib/ticlang/m4/nortos_cc32xx.a
       HwiPCC32XX_nortos.c.obj        282     0         784    
       startup_cc32xx_ticlang.c.obj   88      64        780    
       ClockPSysTick_nortos.c.obj     524     0         28     
       SemaphoreP_nortos.c.obj        392     0         16     
       PowerCC32XX_nortos.c.obj       404     0         0      
       SwiP_nortos.c.obj              84      0         76     
       NoRTOS.c.obj                   4       0         0      
    +--+------------------------------+-------+---------+---------+
       Total:                         1778    64        1684   
                                                               
    C:/ti/simplelink_cc32xx_sdk_7_10_00_13/source/ti/devices/cc32xx/driverlib/ticlang/Release/driverlib.a
       prcm.obj                       2564    168       0      
       interrupt.obj                  868     308       0      
       pin.obj                        718     256       0      
       udma.obj                       806     0         0      
       uart.obj                       490     0         0      
       gpio.obj                       388     0         0      
       flash.obj                      92      0         0      
       systick.obj                    76      0         0      
       cpu.obj                        62      0         0      
       utils.obj                      8       0         0      
    +--+------------------------------+-------+---------+---------+
       Total:                         6072    732       0      
                                                               
    C:/ti/simplelink_cc32xx_sdk_7_10_00_13/source/ti/drivers/lib/ticlang/m4/drivers_cc32xx.a
       PowerCC32XX.c.obj              2052    0         664    
       UART2CC32XX.c.obj              2266    11        0      
       UART2.c.obj                    1396    36        0      
       GPIOCC32XX.c.obj               960     73        26     
       RingBuf.c.obj                  272     0         0      
       UDMACC32XX.c.obj               242     0         28     
       PowerCC32XX_ticlang.asm.obj    150     0         0      
       List.c.obj                     76      0         0      
    +--+------------------------------+-------+---------+---------+
       Total:                         7414    120       718    
                                                               
    C:\ti\ccs1250\ccs\tools\compiler\ti-cgt-armllvm_3.2.0.LTS\lib\armv7em-ti-none-eabi/c/libc.a
       memory.c.obj                   712     0         5      
       copy_decompress_lzss.c.obj     112     0         0      
       autoinit.c.obj                 56      0         0      
       boot_cortex_m.c.obj            36      0         0      
       memcpy_t2.S.obj                18      0         0      
       copy_zero_init.c.obj           16      0         0      
       copy_decompress_none.c.obj     14      0         0      
       memset_t2.S.obj                14      0         0      
       _lock.c.obj                    2       0         8      
       exit.c.obj                     4       0         0      
       pre_init.c.obj                 4       0         0      
    +--+------------------------------+-------+---------+---------+
       Total:                         988     0         13     
                                                               
    C:\ti\ccs1250\ccs\tools\compiler\ti-cgt-armllvm_3.2.0.LTS\lib\clang/15.0.7/lib/armv7em-ti-none-eabi/libclang_rt.builtins.a
       udivmoddi4.S.obj               176     0         0      
       aeabi_uldivmod.S.obj           20      0         0      
       aeabi_memset.S.obj             8       0         0      
       aeabi_memcpy.S.obj             4       0         0      
       aeabi_div0.c.obj               2       0         0      
    +--+------------------------------+-------+---------+---------+
       Total:                         210     0         0      
                                                               
       Heap:                          0       0         32768  
       Stack:                         0       0         4096   
       Linker Generated:              0       240       0      
    +--+------------------------------+-------+---------+---------+
       Grand Total:                   16728   1348      41395  


LINKER GENERATED COPY TABLES

__TI_cinit_table @ 20010278 records: 2, size/record: 8, table size: 16
	.data: load addr=20010198, load size=000000cc bytes, run addr=20010c20, run size=00000689 bytes, compression=lzss
	.bss: load addr=20010270, load size=00000008 bytes, run addr=20010400, run size=00000820 bytes, compression=zero_init


LINKER GENERATED HANDLER TABLE

__TI_handler_table @ 20010264 records: 3, size/record: 4, table size: 12
	index: 0, handler: __TI_decompress_lzss
	index: 1, handler: __TI_decompress_none
	index: 2, handler: __TI_zero_init


GLOBAL SYMBOLS: SORTED ALPHABETICALLY BY Name 

address   name                            
-------   ----                            
2000fd51  Board_init                      
2000df17  Board_initHook                  
20010194  C$$EXIT                         
2000fdd5  CPUcpsid                        
2000fde9  CPUcpsie                        
200100e1  CPUprimask                      
20010069  CPUwfi                          
2000fec5  ClockP_add                      
20010c00  ClockP_ctrl                     
2000f2a9  ClockP_destruct                 
2001016b  ClockP_doTick                   
2000ff55  ClockP_getCpuFreq               
2000ff65  ClockP_getSystemTicks           
2000f609  ClockP_getTicksUntilInterrupt   
200100eb  ClockP_isActive                 
2000ff75  ClockP_setTicks                 
2000f49d  ClockP_start                    
2000e989  ClockP_startup                  
2000f231  ClockP_stop                     
2000eda5  ClockP_sysTickHandler           
20011294  ClockP_tickPeriod               
2000e875  FlashDisable                    
2000ef99  GPIODirModeSet                  
2000fed7  GPIOIntClear                    
2000fc85  GPIOIntDisable                  
2000fd21  GPIOIntEnable                   
2000f6c9  GPIOIntStatus                   
2000dd25  GPIOIntTypeSet                  
2000fa15  GPIOPinWrite                    
2001168c  GPIO_config                     
2000efdd  GPIO_disableInt                 
2000f021  GPIO_enableInt                  
2000eb39  GPIO_hwiIntFxn                  
2000e0d9  GPIO_init                       
20011613  GPIO_pinUpperBound              
2000d161  GPIO_setConfig                  
2000ec79  GPIO_setInterruptConfig         
2000e7b5  GPIO_write                      
2000fee9  HwiP_Params_init                
2001016f  HwiP_clearInterrupt             
2000e2f9  HwiP_construct                  
2000f7ad  HwiP_create                     
2000fdfd  HwiP_destruct                   
20010127  HwiP_disable                    
2000fc15  HwiP_dispatch                   
20010173  HwiP_enable                     
2000ff85  HwiP_inISR                      
20010015  HwiP_interruptsEnabled          
20010177  HwiP_post                       
2001012f  HwiP_restore                    
20011298  HwiP_swiPIntNum                 
UNDEFED   ITM_flush                       
UNDEFED   ITM_restore                     
2000d969  IntDisable                      
2000da31  IntEnable                       
200100f5  IntMasterDisable                
200100ff  IntMasterEnable                 
2000e74b  IntPendClear                    
2000ddd1  IntPendSet                      
2000e9e1  IntPrioritySet                  
2000fabf  IntRegister                     
2000f8f5  IntUnregister                   
2000fe11  IntVTableBaseSet                
2000f919  List_put                        
2000f855  List_remove                     
2001017f  NoRTOS_start                    
2000c041  PRCMCC3200MCUInit               
2000fc9f  PRCMHIBRegRead                  
2000fcb9  PRCMHIBRegWrite                 
2000e36d  PRCMHibernateWakeUpGPIOSelect   
2000e8d1  PRCMHibernateWakeupSourceDisable
2000eb89  PRCMHibernateWakeupSourceEnable 
2000eded  PRCMIntEnable                   
2000ea39  PRCMLPDSEnter                   
2000ef0d  PRCMLPDSEnterKeepDebugIf        
2000f639  PRCMLPDSIntervalSet             
2000ecc5  PRCMLPDSRestoreInfoSet          
2000f7d7  PRCMLPDSWakeUpGPIOSelect        
20010081  PRCMLPDSWakeupCauseGet          
2000fcd3  PRCMLPDSWakeupSourceDisable     
2000f93d  PRCMLPDSWakeupSourceEnable      
2000f801  PRCMPeripheralClkDisable        
2000e92d  PRCMPeripheralClkEnable         
2000e6e1  PRCMPeripheralReset             
2000ee35  PRCMPeripheralStatusGet         
2000f87d  PRCMSRAMRetentionEnable         
20010137  PRCMSleepEnter                  
2000f669  PRCMSlowClkCtrFastGet           
2000e169  PRCMSysResetCauseGet            
2000ee7d  PinConfigGet                    
2000de75  PinConfigSet                    
2000f4d1  PinDirModeGet                   
2000f1f1  PinDirModeSet                   
2000f431  PinLock                         
2000e4c5  PinLockLevelSet                 
2000f505  PinModeGet                      
2000f0ed  PinModeSet                      
2000fced  PinToPadGet                     
2000fb61  PinTypeUART                     
2000fa37  PinUnlock                       
20011528  PowerCC32XX_config              
2000e1f9  PowerCC32XX_configureWakeup     
20010978  PowerCC32XX_contextSave         
2000dfb1  PowerCC32XX_enterLPDS           
2000f8a5  PowerCC32XX_getParkState        
2000e1f7  PowerCC32XX_initPolicy          
20010f2c  PowerCC32XX_module              
2000f539  PowerCC32XX_parkPin             
2000fae1  PowerCC32XX_reset               
2000f961  PowerCC32XX_restoreParkState    
2000f985  PowerCC32XX_restoreParkedPin    
2000dff5  PowerCC32XX_resumeLPDS          
2000ea91  PowerCC32XX_setParkState        
2000d011  PowerCC32XX_sleepPolicy         
2000fe25  Power_disablePolicy             
2000ff95  Power_enablePolicy              
2001008d  Power_getConstraintMask         
2000fe39  Power_getTransitionLatency      
2000fe4d  Power_idleFunc                  
2000e281  Power_init                      
2000f9a9  Power_registerNotify            
2000f065  Power_releaseConstraint         
2000eae5  Power_releaseDependency         
2000f2e1  Power_setConstraint             
2000e531  Power_setDependency             
2000c4f9  Power_sleep                     
2000fb01  Power_unregisterNotify          
2000ffa5  RingBuf_construct               
2000f6f7  RingBuf_getConsume              
20010183  RingBuf_getCount                
2000fa59  RingBuf_getPointer              
2000ef53  RingBuf_put                     
2000f319  RingBuf_putAdvance              
2000f725  RingBuf_putPointer              
2000ebd9  SemaphoreP_construct            
2000fb21  SemaphoreP_constructBinary      
2000fd39  SemaphoreP_create               
2000fb41  SemaphoreP_createBinary         
20011280  SemaphoreP_defaultParams        
20010187  SemaphoreP_delete               
2000e7b3  SemaphoreP_destruct             
2000df19  SemaphoreP_pend                 
2000f171  SemaphoreP_post                 
2000fc31  SwiP_disable                    
2000f351  SwiP_restore                    
2000fefb  SysTickEnable                   
2000ff0d  SysTickIntDisable               
2000ff1f  SysTickIntEnable                
2000fd67  SysTickPeriodSet                
2000ff43  TI_memcpy_small                 
2001004d  TI_memset_small                 
2000f9cd  UART2Support_disableRx          
200100a5  UART2Support_disableTx          
2000d89d  UART2Support_dmaStartRx         
2000dbbd  UART2Support_dmaStartTx         
2000ed11  UART2Support_dmaStopRx          
2000e815  UART2Support_dmaStopTx          
2000f5d5  UART2Support_enableInts         
200100b1  UART2Support_enableRx           
200100bd  UART2Support_enableTx           
2001015f  UART2Support_powerRelConstraint 
20010165  UART2Support_powerSetConstraint 
2000fa7b  UART2Support_sendData           
2000ffb5  UART2Support_txDone             
200100c9  UART2_Params_init               
2000d6dd  UART2_close                     
200116a8  UART2_config                    
2001168a  UART2_count                     
200115cc  UART2_defaultParams             
2000ccd1  UART2_open                      
2000fa9d  UART2_read                      
2000eec5  UART2_readFull                  
2000caff  UART2_readTimeout               
2000f56d  UART2_rxDisable                 
2000f389  UART2_rxEnable                  
20010023  UART2_write                     
2000fb7f  UART2_writeTimeout              
2000ce9d  UART2_writeTimeoutBlocking      
2000d3c1  UART2_writeTimeoutNonblocking   
2000ffc5  UARTBusy                        
2000f467  UARTCharPutNonBlocking          
2000fd7d  UARTCharsAvail                  
2000e3e1  UARTConfigSetExpClk             
2000fd93  UARTDMADisable                  
2000fe61  UARTDMAEnable                   
2000f753  UARTDisable                     
2000fb9d  UARTEnable                      
2000fda9  UARTFIFOLevelSet                
2000fd07  UARTFlowControlSet              
2000ffd5  UARTIntClear                    
2000fdbf  UARTIntDisable                  
2000fe75  UARTIntEnable                   
2000f82b  UARTIntStatus                   
2000ffe5  UARTRxErrorGet                  
2000f3c1  UDMACC32XX_close                
200116b0  UDMACC32XX_config               
2000f26d  UDMACC32XX_init                 
2000e59d  UDMACC32XX_open                 
2001013f  UtilsDelay                      
20004000  __STACK_END                     
00001000  __STACK_SIZE                    
00008000  __SYSMEM_SIZE                   
00000000  __TI_ATRegion0_region_sz        
00000000  __TI_ATRegion0_src_addr         
00000000  __TI_ATRegion0_trg_addr         
00000000  __TI_ATRegion1_region_sz        
00000000  __TI_ATRegion1_src_addr         
00000000  __TI_ATRegion1_trg_addr         
00000000  __TI_ATRegion2_region_sz        
00000000  __TI_ATRegion2_src_addr         
00000000  __TI_ATRegion2_trg_addr         
20010278  __TI_CINIT_Base                 
20010288  __TI_CINIT_Limit                
20010288  __TI_CINIT_Warm                 
20010264  __TI_Handler_Table_Base         
20010270  __TI_Handler_Table_Limit        
2000f3f9  __TI_auto_init_nobinit_nopinit  
2000e455  __TI_decompress_lzss            
2001005b  __TI_decompress_none            
ffffffff  __TI_pprof_out_hndl             
ffffffff  __TI_prof_data_size             
ffffffff  __TI_prof_data_start            
20010198  __TI_static_base__              
20010005  __TI_zero_init                  
2000ea8f  __aeabi_ldiv0                   
20010149  __aeabi_memclr                  
20010149  __aeabi_memclr4                 
20010149  __aeabi_memclr8                 
2001018d  __aeabi_memcpy                  
2001018d  __aeabi_memcpy4                 
2001018d  __aeabi_memcpy8                 
2000fe89  __aeabi_uldivmod                
ffffffff  __binit__                       
UNDEFED   __mpu_init                      
20003000  __stack                         
20004000  __start___llvm_prf_bits         
20004000  __start___llvm_prf_cnts         
20004000  __stop___llvm_prf_bits          
20004000  __stop___llvm_prf_cnts          
2000dc75  __udivmoddi4                    
2000f9f1  _c_int00_noargs                 
2001129c  _lock                           
2000ec77  _nop                            
20004040  _sys_memory                     
UNDEFED   _system_post_cinit              
20010191  _system_pre_init                
200112a0  _unlock                         
20010195  abort                           
2000d2a1  aligned_alloc                   
ffffffff  binit                           
2000f607  clkFxn                          
2000d5ed  free                            
20010aa4  gpioCallbackFunctions           
20011190  gpioPinConfigs                  
20010b28  gpioUserArgs                    
2000f5a1  initVectors                     
2000fff5  main                            
2000d7c5  mainThread                      
20010151  malloc                          
2000d2a1  memalign                        
20011098  parkInfo                        
2000fc69  resetISR                        
2000ec29  uDMAChannelAssign               
2000e047  uDMAChannelAttributeDisable     
2000f1b1  uDMAChannelControlSet           
2000fbbb  uDMAChannelDisable              
2000fbd9  uDMAChannelEnable               
2000fbf7  uDMAChannelIsEnabled            
2000ed5b  uDMAChannelSizeGet              
2000d4db  uDMAChannelTransferSet          
2000fe9d  uDMAControlBaseSet              
20010031  uDMAEnable                      
2001003f  uDMAErrorStatusClear            
200100d5  uDMAErrorStatusGet              
2000feb1  uDMAIntClear                    
20010800  uart2CC32XXObjects0             
2001169c  udmaCC3220SHWAttrs              
20010c10  udmaCC3220SObject               


GLOBAL SYMBOLS: SORTED BY Symbol Address 

address   name                            
-------   ----                            
00000000  __TI_ATRegion0_region_sz        
00000000  __TI_ATRegion0_src_addr         
00000000  __TI_ATRegion0_trg_addr         
00000000  __TI_ATRegion1_region_sz        
00000000  __TI_ATRegion1_src_addr         
00000000  __TI_ATRegion1_trg_addr         
00000000  __TI_ATRegion2_region_sz        
00000000  __TI_ATRegion2_src_addr         
00000000  __TI_ATRegion2_trg_addr         
00001000  __STACK_SIZE                    
00008000  __SYSMEM_SIZE                   
20003000  __stack                         
20004000  __STACK_END                     
20004000  __start___llvm_prf_bits         
20004000  __start___llvm_prf_cnts         
20004000  __stop___llvm_prf_bits          
20004000  __stop___llvm_prf_cnts          
20004040  _sys_memory                     
2000c041  PRCMCC3200MCUInit               
2000c4f9  Power_sleep                     
2000caff  UART2_readTimeout               
2000ccd1  UART2_open                      
2000ce9d  UART2_writeTimeoutBlocking      
2000d011  PowerCC32XX_sleepPolicy         
2000d161  GPIO_setConfig                  
2000d2a1  aligned_alloc                   
2000d2a1  memalign                        
2000d3c1  UART2_writeTimeoutNonblocking   
2000d4db  uDMAChannelTransferSet          
2000d5ed  free                            
2000d6dd  UART2_close                     
2000d7c5  mainThread                      
2000d89d  UART2Support_dmaStartRx         
2000d969  IntDisable                      
2000da31  IntEnable                       
2000dbbd  UART2Support_dmaStartTx         
2000dc75  __udivmoddi4                    
2000dd25  GPIOIntTypeSet                  
2000ddd1  IntPendSet                      
2000de75  PinConfigSet                    
2000df17  Board_initHook                  
2000df19  SemaphoreP_pend                 
2000dfb1  PowerCC32XX_enterLPDS           
2000dff5  PowerCC32XX_resumeLPDS          
2000e047  uDMAChannelAttributeDisable     
2000e0d9  GPIO_init                       
2000e169  PRCMSysResetCauseGet            
2000e1f7  PowerCC32XX_initPolicy          
2000e1f9  PowerCC32XX_configureWakeup     
2000e281  Power_init                      
2000e2f9  HwiP_construct                  
2000e36d  PRCMHibernateWakeUpGPIOSelect   
2000e3e1  UARTConfigSetExpClk             
2000e455  __TI_decompress_lzss            
2000e4c5  PinLockLevelSet                 
2000e531  Power_setDependency             
2000e59d  UDMACC32XX_open                 
2000e6e1  PRCMPeripheralReset             
2000e74b  IntPendClear                    
2000e7b3  SemaphoreP_destruct             
2000e7b5  GPIO_write                      
2000e815  UART2Support_dmaStopTx          
2000e875  FlashDisable                    
2000e8d1  PRCMHibernateWakeupSourceDisable
2000e92d  PRCMPeripheralClkEnable         
2000e989  ClockP_startup                  
2000e9e1  IntPrioritySet                  
2000ea39  PRCMLPDSEnter                   
2000ea8f  __aeabi_ldiv0                   
2000ea91  PowerCC32XX_setParkState        
2000eae5  Power_releaseDependency         
2000eb39  GPIO_hwiIntFxn                  
2000eb89  PRCMHibernateWakeupSourceEnable 
2000ebd9  SemaphoreP_construct            
2000ec29  uDMAChannelAssign               
2000ec77  _nop                            
2000ec79  GPIO_setInterruptConfig         
2000ecc5  PRCMLPDSRestoreInfoSet          
2000ed11  UART2Support_dmaStopRx          
2000ed5b  uDMAChannelSizeGet              
2000eda5  ClockP_sysTickHandler           
2000eded  PRCMIntEnable                   
2000ee35  PRCMPeripheralStatusGet         
2000ee7d  PinConfigGet                    
2000eec5  UART2_readFull                  
2000ef0d  PRCMLPDSEnterKeepDebugIf        
2000ef53  RingBuf_put                     
2000ef99  GPIODirModeSet                  
2000efdd  GPIO_disableInt                 
2000f021  GPIO_enableInt                  
2000f065  Power_releaseConstraint         
2000f0ed  PinModeSet                      
2000f171  SemaphoreP_post                 
2000f1b1  uDMAChannelControlSet           
2000f1f1  PinDirModeSet                   
2000f231  ClockP_stop                     
2000f26d  UDMACC32XX_init                 
2000f2a9  ClockP_destruct                 
2000f2e1  Power_setConstraint             
2000f319  RingBuf_putAdvance              
2000f351  SwiP_restore                    
2000f389  UART2_rxEnable                  
2000f3c1  UDMACC32XX_close                
2000f3f9  __TI_auto_init_nobinit_nopinit  
2000f431  PinLock                         
2000f467  UARTCharPutNonBlocking          
2000f49d  ClockP_start                    
2000f4d1  PinDirModeGet                   
2000f505  PinModeGet                      
2000f539  PowerCC32XX_parkPin             
2000f56d  UART2_rxDisable                 
2000f5a1  initVectors                     
2000f5d5  UART2Support_enableInts         
2000f607  clkFxn                          
2000f609  ClockP_getTicksUntilInterrupt   
2000f639  PRCMLPDSIntervalSet             
2000f669  PRCMSlowClkCtrFastGet           
2000f6c9  GPIOIntStatus                   
2000f6f7  RingBuf_getConsume              
2000f725  RingBuf_putPointer              
2000f753  UARTDisable                     
2000f7ad  HwiP_create                     
2000f7d7  PRCMLPDSWakeUpGPIOSelect        
2000f801  PRCMPeripheralClkDisable        
2000f82b  UARTIntStatus                   
2000f855  List_remove                     
2000f87d  PRCMSRAMRetentionEnable         
2000f8a5  PowerCC32XX_getParkState        
2000f8f5  IntUnregister                   
2000f919  List_put                        
2000f93d  PRCMLPDSWakeupSourceEnable      
2000f961  PowerCC32XX_restoreParkState    
2000f985  PowerCC32XX_restoreParkedPin    
2000f9a9  Power_registerNotify            
2000f9cd  UART2Support_disableRx          
2000f9f1  _c_int00_noargs                 
2000fa15  GPIOPinWrite                    
2000fa37  PinUnlock                       
2000fa59  RingBuf_getPointer              
2000fa7b  UART2Support_sendData           
2000fa9d  UART2_read                      
2000fabf  IntRegister                     
2000fae1  PowerCC32XX_reset               
2000fb01  Power_unregisterNotify          
2000fb21  SemaphoreP_constructBinary      
2000fb41  SemaphoreP_createBinary         
2000fb61  PinTypeUART                     
2000fb7f  UART2_writeTimeout              
2000fb9d  UARTEnable                      
2000fbbb  uDMAChannelDisable              
2000fbd9  uDMAChannelEnable               
2000fbf7  uDMAChannelIsEnabled            
2000fc15  HwiP_dispatch                   
2000fc31  SwiP_disable                    
2000fc69  resetISR                        
2000fc85  GPIOIntDisable                  
2000fc9f  PRCMHIBRegRead                  
2000fcb9  PRCMHIBRegWrite                 
2000fcd3  PRCMLPDSWakeupSourceDisable     
2000fced  PinToPadGet                     
2000fd07  UARTFlowControlSet              
2000fd21  GPIOIntEnable                   
2000fd39  SemaphoreP_create               
2000fd51  Board_init                      
2000fd67  SysTickPeriodSet                
2000fd7d  UARTCharsAvail                  
2000fd93  UARTDMADisable                  
2000fda9  UARTFIFOLevelSet                
2000fdbf  UARTIntDisable                  
2000fdd5  CPUcpsid                        
2000fde9  CPUcpsie                        
2000fdfd  HwiP_destruct                   
2000fe11  IntVTableBaseSet                
2000fe25  Power_disablePolicy             
2000fe39  Power_getTransitionLatency      
2000fe4d  Power_idleFunc                  
2000fe61  UARTDMAEnable                   
2000fe75  UARTIntEnable                   
2000fe89  __aeabi_uldivmod                
2000fe9d  uDMAControlBaseSet              
2000feb1  uDMAIntClear                    
2000fec5  ClockP_add                      
2000fed7  GPIOIntClear                    
2000fee9  HwiP_Params_init                
2000fefb  SysTickEnable                   
2000ff0d  SysTickIntDisable               
2000ff1f  SysTickIntEnable                
2000ff43  TI_memcpy_small                 
2000ff55  ClockP_getCpuFreq               
2000ff65  ClockP_getSystemTicks           
2000ff75  ClockP_setTicks                 
2000ff85  HwiP_inISR                      
2000ff95  Power_enablePolicy              
2000ffa5  RingBuf_construct               
2000ffb5  UART2Support_txDone             
2000ffc5  UARTBusy                        
2000ffd5  UARTIntClear                    
2000ffe5  UARTRxErrorGet                  
2000fff5  main                            
20010005  __TI_zero_init                  
20010015  HwiP_interruptsEnabled          
20010023  UART2_write                     
20010031  uDMAEnable                      
2001003f  uDMAErrorStatusClear            
2001004d  TI_memset_small                 
2001005b  __TI_decompress_none            
20010069  CPUwfi                          
20010081  PRCMLPDSWakeupCauseGet          
2001008d  Power_getConstraintMask         
200100a5  UART2Support_disableTx          
200100b1  UART2Support_enableRx           
200100bd  UART2Support_enableTx           
200100c9  UART2_Params_init               
200100d5  uDMAErrorStatusGet              
200100e1  CPUprimask                      
200100eb  ClockP_isActive                 
200100f5  IntMasterDisable                
200100ff  IntMasterEnable                 
20010127  HwiP_disable                    
2001012f  HwiP_restore                    
20010137  PRCMSleepEnter                  
2001013f  UtilsDelay                      
20010149  __aeabi_memclr                  
20010149  __aeabi_memclr4                 
20010149  __aeabi_memclr8                 
20010151  malloc                          
2001015f  UART2Support_powerRelConstraint 
20010165  UART2Support_powerSetConstraint 
2001016b  ClockP_doTick                   
2001016f  HwiP_clearInterrupt             
20010173  HwiP_enable                     
20010177  HwiP_post                       
2001017f  NoRTOS_start                    
20010183  RingBuf_getCount                
20010187  SemaphoreP_delete               
2001018d  __aeabi_memcpy                  
2001018d  __aeabi_memcpy4                 
2001018d  __aeabi_memcpy8                 
20010191  _system_pre_init                
20010194  C$$EXIT                         
20010195  abort                           
20010198  __TI_static_base__              
20010264  __TI_Handler_Table_Base         
20010270  __TI_Handler_Table_Limit        
20010278  __TI_CINIT_Base                 
20010288  __TI_CINIT_Limit                
20010288  __TI_CINIT_Warm                 
20010800  uart2CC32XXObjects0             
20010978  PowerCC32XX_contextSave         
20010aa4  gpioCallbackFunctions           
20010b28  gpioUserArgs                    
20010c00  ClockP_ctrl                     
20010c10  udmaCC3220SObject               
20010f2c  PowerCC32XX_module              
20011098  parkInfo                        
20011190  gpioPinConfigs                  
20011280  SemaphoreP_defaultParams        
20011294  ClockP_tickPeriod               
20011298  HwiP_swiPIntNum                 
2001129c  _lock                           
200112a0  _unlock                         
20011528  PowerCC32XX_config              
200115cc  UART2_defaultParams             
20011613  GPIO_pinUpperBound              
2001168a  UART2_count                     
2001168c  GPIO_config                     
2001169c  udmaCC3220SHWAttrs              
200116a8  UART2_config                    
200116b0  UDMACC32XX_config               
ffffffff  __TI_pprof_out_hndl             
ffffffff  __TI_prof_data_size             
ffffffff  __TI_prof_data_start            
ffffffff  __binit__                       
ffffffff  binit                           
UNDEFED   ITM_flush                       
UNDEFED   ITM_restore                     
UNDEFED   __mpu_init                      
UNDEFED   _system_post_cinit              

[278 symbols]
